Archive member included because of file (symbol)

C:/Users/mikoshi/Downloads/MWSTAGE-2021-09_win10/MWSTAGE/MWSDK/TWENET/current/lib/libTWENET_BLUE.a(ToCoNet_event.o)
                              objs_BLUE/Main.o (symbol from plugin) (PRSEV_u8Register)
C:/Users/mikoshi/Downloads/MWSTAGE-2021-09_win10/MWSTAGE/MWSDK/TWENET/current/lib/libTWENET_BLUE.a(ToCoNet_main.o)
                              objs_BLUE/Main.o (symbol from plugin) (u32TickCount_ms)
C:/Users/mikoshi/Downloads/MWSTAGE-2021-09_win10/MWSTAGE/MWSDK/TWENET/current/lib/libTWENET_BLUE.a(ToCoNet_utils.o)
                              ToCoNet_main.o (symbol from plugin) (ToCoNet_u32GetVersion)
C:/Users/mikoshi/Downloads/MWSTAGE-2021-09_win10/MWSTAGE/MWSDK/TWENET/current/lib/libTWENET_BLUE.a(ToCoNet_mod_Tx.o)
                              objs_BLUE/Main.o (symbol from plugin) (ToCoNet_vReg_mod_Tx_Standard)
C:/Users/mikoshi/Downloads/MWSTAGE-2021-09_win10/MWSTAGE/MWSDK/TWENET/current/lib/libTWENET_BLUE.a(ToCoNet_mod_TxRxQueue.o)
                              objs_BLUE/Main.o (symbol from plugin) (ToCoNet_vReg_mod_TxRxQueueMid)
C:/Users/mikoshi/Downloads/MWSTAGE-2021-09_win10/MWSTAGE/MWSDK/TWENET/current/lib/libTWENET_BLUE.a(ToCoNet_mod_Nwk_Common.o)
                              ToCoNet_main.o (symbol from plugin) (ToCoNet_vRxProc_Mod)
C:/Users/mikoshi/Downloads/MWSTAGE-2021-09_win10/MWSTAGE/MWSDK/TWENET/current/lib/libTWENET_BLUE.a(ToCoNet_mod_Channel_Mgr.o)
                              ToCoNet_mod_Tx.o (symbol from plugin) (ToCoNet_ChMgr_bCh_OnTx)
C:/Users/mikoshi/Downloads/MWSTAGE-2021-09_win10/MWSTAGE/MWSDK/TWENET/current/lib/libTWENET_BLUE.a(Version.o)
                              ToCoNet_utils.o (symbol from plugin) (au8ToCoNetVersionInfo)
C:/Users/mikoshi/Downloads/MWSTAGE-2021-09_win10/MWSTAGE/MWSDK/TWENET/current/lib/libTWENET_BLUE.a(AppQueueApi_ToCoNet.o)
                              ToCoNet_main.o (symbol from plugin) (_u32_INT_ticktimer)
C:/Users/mikoshi/Downloads/MWSTAGE-2021-09_win10/MWSTAGE/MWSDK/TWENET/current/lib/libTWENEText_BLUE.a(AppStart.o)
                              (AppColdStart)
C:/Users/mikoshi/Downloads/MWSTAGE-2021-09_win10/MWSTAGE/MWSDK/TWENET/current/lib/libTWENEText_BLUE.a(getMacAddr.o)
                              ToCoNet_main.o (symbol from plugin) (ToCoNet_u32GetSerialOnBoot)
C:/Users/mikoshi/Downloads/MWSTAGE-2021-09_win10/MWSTAGE/MWSDK/TWENET/current/lib/libTWENEText_BLUE.a(mac.o)
                              ToCoNet_main.o (symbol from plugin) (Mac_vInit)
C:/Users/mikoshi/Downloads/MWSTAGE-2021-09_win10/MWSTAGE/MWSDK/TWENET/current/lib/libTWENEText_BLUE.a(AES_CCM.o)
                              AppStart.o (symbol from plugin) (bAES_CCM_KeyReg)
C:/Users/mikoshi/Downloads/MWSTAGE-2021-09_win10/MWSTAGE/MWSDK/TWENET/current/lib/libTWENEText_BLUE.a(no_ack_handler.o)
                              AppStart.o (symbol from plugin) (vInstallNoAckHandler)
C:/Users/mikoshi/Downloads/MWSTAGE-2021-09_win10/MWSTAGE/MWSDK/TWENET/current/lib/libTWENEText_BLUE.a(Version.o)
                              ToCoNet_utils.o (symbol from plugin) (au8ToCoNetExtVersionInfo)
C:/Users/mikoshi/Downloads/MWSTAGE-2021-09_win10/MWSTAGE/MWSDK/TWENET/current/lib/libTWENETutils_BLUE.a(serial.o)
                              objs_BLUE/Main.o (symbol from plugin) (SERIAL_vInitEx)
C:/Users/mikoshi/Downloads/MWSTAGE-2021-09_win10/MWSTAGE/MWSDK/TWENET/current/lib/libTWENETutils_BLUE.a(uart.o)
                              serial.o (symbol from plugin) (UART_vInit)
C:/Users/mikoshi/Downloads/MWSTAGE-2021-09_win10/MWSTAGE/MWSDK/TWENET/current/lib/libTWENETutils_BLUE.a(ByteQueue.o)
                              ToCoNet_main.o (symbol from plugin) (QUEUE__vInit)
C:/Users/mikoshi/Downloads/MWSTAGE-2021-09_win10/MWSTAGE/MWSDK/TWENET/current/lib/libTWENETutils_BLUE.a(ccitt8.o)
                              AppStart.o (symbol from plugin) (u8CCITT8)
C:/Users/mikoshi/Downloads/MWSTAGE-2021-09_win10/MWSTAGE/MWSDK/TWENET/current/lib/libTWENETutils_BLUE.a(fprintf.o)
                              objs_BLUE/Adafruit_GPS_I2C.o (symbol from plugin) (vfPrintf)
C:/Users/mikoshi/Downloads/MWSTAGE-2021-09_win10/MWSTAGE/MWSDK/TWENET/current/lib/libTWENETutils_BLUE.a(sprintf.o)
                              objs_BLUE/Main.o (symbol from plugin) (SPRINTF_vInit128)
C:/Users/mikoshi/Downloads/MWSTAGE-2021-09_win10/MWSTAGE/MWSDK/TWENET/current/lib/libTWENETutils_BLUE.a(utils.o)
                              ToCoNet_main.o (symbol from plugin) (vTimerConfig)
C:/Users/mikoshi/Downloads/MWSTAGE-2021-09_win10/MWSTAGE/MWSDK/TWENET/current/lib/libTWENETutils_BLUE.a(ccm.o)
                              AES_CCM.o (symbol from plugin) (ccm_init_and_key)
C:/Users/mikoshi/Downloads/MWSTAGE-2021-09_win10/MWSTAGE/MWSDK/TWENET/current/lib/libTWENETutils_BLUE.a(Version.o)
                              ToCoNet_utils.o (symbol from plugin) (au8ToCoNetUtilsVersionInfo)
[...]
Memory Configuration

Name             Origin             Length             Attributes
flash            0x0000000000080000 0x0000000000028000
ram              0x000000000400004c 0x0000000000007fb4
*default*        0x0000000000000000 0xffffffffffffffff

Linker script and memory map

LOAD objs_BLUE/Adafruit_GPS_I2C.o
LOAD C:\Users\mikoshi\AppData\Local\Temp\ccI7uacG.ltrans0.ltrans.o
LOAD C:\Users\mikoshi\AppData\Local\Temp\ccI7uacG.ltrans1.ltrans.o
LOAD C:\Users\mikoshi\AppData\Local\Temp\ccI7uacG.ltrans2.ltrans.o
LOAD C:\Users\mikoshi\AppData\Local\Temp\ccI7uacG.ltrans3.ltrans.o
LOAD C:\Users\mikoshi\AppData\Local\Temp\ccI7uacG.ltrans4.ltrans.o
LOAD C:\Users\mikoshi\AppData\Local\Temp\ccI7uacG.ltrans5.ltrans.o
LOAD C:\Users\mikoshi\AppData\Local\Temp\ccI7uacG.ltrans6.ltrans.o
LOAD C:\Users\mikoshi\AppData\Local\Temp\ccI7uacG.ltrans7.ltrans.o
LOAD C:\Users\mikoshi\AppData\Local\Temp\ccI7uacG.ltrans8.ltrans.o
LOAD C:\Users\mikoshi\AppData\Local\Temp\ccI7uacG.ltrans9.ltrans.o
LOAD C:\Users\mikoshi\AppData\Local\Temp\ccI7uacG.ltrans10.ltrans.o
LOAD C:\Users\mikoshi\AppData\Local\Temp\ccI7uacG.ltrans11.ltrans.o
LOAD C:\Users\mikoshi\AppData\Local\Temp\ccI7uacG.ltrans12.ltrans.o
LOAD C:\Users\mikoshi\AppData\Local\Temp\ccI7uacG.ltrans13.ltrans.o
LOAD C:\Users\mikoshi\AppData\Local\Temp\ccI7uacG.ltrans14.ltrans.o
LOAD C:\Users\mikoshi\AppData\Local\Temp\ccI7uacG.ltrans15.ltrans.o
LOAD C:\Users\mikoshi\AppData\Local\Temp\ccI7uacG.ltrans16.ltrans.o
LOAD C:\Users\mikoshi\AppData\Local\Temp\ccI7uacG.ltrans17.ltrans.o
LOAD c:/users/mikoshi/downloads/mwstage-2021-09_win10/mwstage/tools/ba-elf-ba2-r36379/bin/../lib/gcc/ba-elf/4.7.4/../../../../ba-elf/lib/mcpu_jn51xx_sizeopt\libc.a
LOAD c:/users/mikoshi/downloads/mwstage-2021-09_win10/mwstage/tools/ba-elf-ba2-r36379/bin/../lib/gcc/ba-elf/4.7.4/mcpu_jn51xx_sizeopt\libgcc.a
LOAD c:/users/mikoshi/downloads/mwstage-2021-09_win10/mwstage/tools/ba-elf-ba2-r36379/bin/../lib/gcc/ba-elf/4.7.4/../../../../ba-elf/lib/mcpu_jn51xx_sizeopt\libc.a
LOAD objs_BLUE/Main.o
LOAD objs_BLUE/SMBus.o
LOAD C:/Users/mikoshi/Downloads/MWSTAGE-2021-09_win10/MWSTAGE/MWSDK/TWENET/current/lib/libTWENET_BLUE.a
LOAD C:/Users/mikoshi/Downloads/MWSTAGE-2021-09_win10/MWSTAGE/MWSDK/TWENET/current/lib/libTWENEText_BLUE.a
LOAD C:/Users/mikoshi/Downloads/MWSTAGE-2021-09_win10/MWSTAGE/MWSDK/TWENET/current/lib/libTWENETutils_BLUE.a
LOAD C:/Users/mikoshi/Downloads/MWSTAGE-2021-09_win10/MWSTAGE/MWSDK/TWENET/current/lib/libTWENETstgs_BLUE.a
START GROUP
LOAD C:/Users/mikoshi/Downloads/MWSTAGE-2021-09_win10/MWSTAGE/MWSDK/ChipLib/SW4063V1416/Components/Library\libAppApi_JN516x.a
LOAD C:/Users/mikoshi/Downloads/MWSTAGE-2021-09_win10/MWSTAGE/MWSDK/ChipLib/SW4063V1416/Components/Library\libMAC_JN516x.a
LOAD C:/Users/mikoshi/Downloads/MWSTAGE-2021-09_win10/MWSTAGE/MWSDK/ChipLib/SW4063V1416/Components/Library\libTimerServer_JN516x.a
LOAD C:/Users/mikoshi/Downloads/MWSTAGE-2021-09_win10/MWSTAGE/MWSDK/ChipLib/SW4063V1416/Components/Library\libTOF_JN516x.a
LOAD C:/Users/mikoshi/Downloads/MWSTAGE-2021-09_win10/MWSTAGE/MWSDK/ChipLib/SW4063V1416/Components/Library\libXcv_JN516x.a
LOAD C:/Users/mikoshi/Downloads/MWSTAGE-2021-09_win10/MWSTAGE/MWSDK/ChipLib/SW4063V1416/Components/Library\libAes_JN516x.a
LOAD C:/Users/mikoshi/Downloads/MWSTAGE-2021-09_win10/MWSTAGE/MWSDK/ChipLib/SW4063V1416/Components/Library\libHardwareApi_JN516x.a
LOAD C:/Users/mikoshi/Downloads/MWSTAGE-2021-09_win10/MWSTAGE/MWSDK/ChipLib/SW4063V1416/Components/Library\libMicroSpecific_JN516x.a
LOAD C:/Users/mikoshi/Downloads/MWSTAGE-2021-09_win10/MWSTAGE/MWSDK/ChipLib/SW4063V1416/Components/Library\libBoot_JN516x.a
LOAD C:/Users/mikoshi/Downloads/MWSTAGE-2021-09_win10/MWSTAGE/MWSDK/ChipLib/SW4063V1416/Components/Library\libPDM_EEPROM_JN516x_NO_RTOS.a
LOAD C:/Users/mikoshi/Downloads/MWSTAGE-2021-09_win10/MWSTAGE/MWSDK/TWENET/current/lib/libTWENET_BLUE.a
LOAD C:/Users/mikoshi/Downloads/MWSTAGE-2021-09_win10/MWSTAGE/MWSDK/TWENET/current/lib/libTWENEText_BLUE.a
LOAD C:/Users/mikoshi/Downloads/MWSTAGE-2021-09_win10/MWSTAGE/MWSDK/TWENET/current/lib/libTWENETutils_BLUE.a
LOAD C:/Users/mikoshi/Downloads/MWSTAGE-2021-09_win10/MWSTAGE/MWSDK/TWENET/current/lib/libTWENETstgs_BLUE.a
END GROUP
LOAD c:/users/mikoshi/downloads/mwstage-2021-09_win10/mwstage/tools/ba-elf-ba2-r36379/bin/../lib/gcc/ba-elf/4.7.4/../../../../ba-elf/lib/mcpu_jn51xx_sizeopt\libc.a
LOAD c:/users/mikoshi/downloads/mwstage-2021-09_win10/mwstage/tools/ba-elf-ba2-r36379/bin/../lib/gcc/ba-elf/4.7.4/mcpu_jn51xx_sizeopt\libgcc.a
LOAD c:/users/mikoshi/downloads/mwstage-2021-09_win10/mwstage/tools/ba-elf-ba2-r36379/bin/../lib/gcc/ba-elf/4.7.4/../../../../ba-elf/lib/mcpu_jn51xx_sizeopt\libc.a
                0x0000000000000800                _stack_size = 0x800
                0x0000000000080038                _exception_vsr_table = 0x80038
                0x0000000004000000                pSPIflashFncTable = 0x4000000
                0x0000000000000800                _stack_size = 0x800
                0x0000000000000044                restore_state = 0x44
                0x000000000000004a                bZSPIWaitWIPClear = 0x4a
                0x0000000000000050                u16ZSPIflashRDID = 0x50
                0x0000000000000056                u8SelectFlashChipType = 0x56
                0x000000000000005c                memcpy = 0x5c
                0x0000000000000066                vBootFlashProg = 0x66
                [0x0000000000000d16]                _minimum_heap_size = DEFINED (_minimum_heap_size)?_minimum_heap_size:0xd16
                0x0000000000000000                _SwConfig = (DEFINED (g_bSWConf_Debug) | (DEFINED (g_bSWConf_AltDebugPort) << 0x1))

.version        0x000000000007fffc        0x4
                0x000000000007fffc        0x4 LONG 0x4030008

.bir            0x0000000000080000       0x10
                0x0000000000080000                _flash_start = ABSOLUTE (.)
                0x0000000000080000                _flash_beg = ABSOLUTE (.)
                0x0000000000080000        0x4 LONG 0x12345678
                0x0000000000080004        0x4 LONG 0x11223344
                0x0000000000080008        0x4 LONG 0x55667788
                0x000000000008000c        0x1 BYTE 0x8
                0x000000000008000d        0x1 BYTE 0x1
                0x000000000008000e        0x2 SHORT 0x0

.flashheader    0x0000000000080010       0x28
                0x0000000000080010        0x4 LONG 0x0
                0x0000000000080014        0x4 LONG 0x0
                0x0000000000080018        0x4 LONG 0x0
                0x000000000008001c        0x2 SHORT 0x0
                0x000000000008001e        0x2 SHORT 0x0 ABSOLUTE (_SwConfig)
                0x0000000000080020                _enc_start = ABSOLUTE (.)
                0x0000000000080020        0x4 LONG 0xb7b4 ABSOLUTE (_image_len)
                0x0000000000080024        0x4 LONG 0x8b2d8 ABSOLUTE (_flash_data_start)
                0x0000000000080028        0x2 SHORT 0x13 ((ABSOLUTE (_ram_data_start) / 0x4) & 0xffff)
                0x000000000008002a        0x2 SHORT 0x137 ((ABSOLUTE (_ram_data_len) / 0x4) & 0xffff)
                0x000000000008002c        0x2 SHORT 0x14a ((ABSOLUTE (_bss_start) / 0x4) & 0xffff)
                0x000000000008002e        0x2 SHORT 0x7a3 ((ABSOLUTE (_bss_len) / 0x4) & 0xffff)
                0x0000000000080030        0x4 LONG 0x87194 ABSOLUTE (AppWarmStart)
                0x0000000000080034        0x4 LONG 0x89b5a ABSOLUTE (AppColdStart)
                0x0000000000000000                _enc_offset = (_enc_start & 0xf)
                0x0000000000000044                PROVIDE (vException_BusError, restore_state)
                0x0000000000000044                PROVIDE (vException_UnalignedAccess, restore_state)
                0x0000000000000044                PROVIDE (vException_IllegalInstruction, restore_state)
                0x0000000000000044                PROVIDE (vException_SysCall, restore_state)
                0x0000000000000044                PROVIDE (vException_Trap, restore_state)
                0x0000000000000044                PROVIDE (vException_StackOverflow, restore_state)
                0x0000000000080038                . = ABSOLUTE (_exception_vsr_table)

.vsr_table      0x0000000000080038       0x18
                0x0000000000080038        0x4 LONG 0x44 ABSOLUTE (vException_BusError)
                0x000000000008003c        0x4 LONG 0x44 ABSOLUTE (vException_UnalignedAccess)
                0x0000000000080040        0x4 LONG 0x44 ABSOLUTE (vException_IllegalInstruction)
                0x0000000000080044        0x4 LONG 0x44 ABSOLUTE (vException_SysCall)
                0x0000000000080048        0x4 LONG 0x44 ABSOLUTE (vException_Trap)
                0x000000000008004c        0x4 LONG 0x44 ABSOLUTE (vException_StackOverflow)

.vsr_handlers   0x0000000000080050       0xaa
 *(.vsr_handlers)
 .vsr_handlers  0x0000000000080050       0xaa C:/Users/mikoshi/Downloads/MWSTAGE-2021-09_win10/MWSTAGE/MWSDK/ChipLib/SW4063V1416/Components/Library\libBoot_JN516x.a(ExceptionHandler.o)
                0x0000000000080050                _exception_external_interrupt
                0x00000000000800f8                _default_vsr_dummy

.rodata         0x00000000000800fc      0x875
 *(.rodata*)
 .rodata        0x00000000000800fc       0x1c C:\Users\mikoshi\AppData\Local\Temp\ccI7uacG.ltrans1.ltrans.o
                0x00000000000800fc                psTamXcvContext
 .rodata.str1.1
                0x0000000000080118       0x7d C:\Users\mikoshi\AppData\Local\Temp\ccI7uacG.ltrans2.ltrans.o
 *fill*         0x0000000000080195        0x3 00
 .rodata        0x0000000000080198       0x28 C:\Users\mikoshi\AppData\Local\Temp\ccI7uacG.ltrans3.ltrans.o
                0x0000000000080198                aeTimerInterruptDeviceIDlut.21049
 .rodata        0x00000000000801c0        0x4 C:\Users\mikoshi\AppData\Local\Temp\ccI7uacG.ltrans4.ltrans.o
 .rodata        0x00000000000801c4       0x19 C:\Users\mikoshi\AppData\Local\Temp\ccI7uacG.ltrans5.ltrans.o
                0x00000000000801c4                gbHighPowerMode
                0x00000000000801c5                gu8ModuleID
 .rodata.str1.1
                0x00000000000801dd       0x22 C:\Users\mikoshi\AppData\Local\Temp\ccI7uacG.ltrans6.ltrans.o
 *fill*         0x00000000000801ff        0x1 00
 .rodata        0x0000000000080200       0x38 C:\Users\mikoshi\AppData\Local\Temp\ccI7uacG.ltrans6.ltrans.o
                0x0000000000080200                asStateFuncTbl.2647
 .rodata        0x0000000000080238       0x9a C:\Users\mikoshi\AppData\Local\Temp\ccI7uacG.ltrans7.ltrans.o
 .rodata        0x00000000000802d2        0xa C:\Users\mikoshi\AppData\Local\Temp\ccI7uacG.ltrans8.ltrans.o
 .rodata        0x00000000000802dc        0x6 C:\Users\mikoshi\AppData\Local\Temp\ccI7uacG.ltrans9.ltrans.o
                0x00000000000802dc                aeXcvPhyEvtToScanEvt.5394.10735
 .rodata.str1.1
                0x0000000000000000       0x22 C:\Users\mikoshi\AppData\Local\Temp\ccI7uacG.ltrans10.ltrans.o
                                          0x3 (size before relaxing)
 .rodata        0x00000000000802e2      0x131 C:\Users\mikoshi\AppData\Local\Temp\ccI7uacG.ltrans10.ltrans.o
 .rodata.str1.1
                0x0000000000080413       0xb1 C:\Users\mikoshi\AppData\Local\Temp\ccI7uacG.ltrans11.ltrans.o
                                         0xc5 (size before relaxing)
 .rodata        0x00000000000804c4       0x28 C:\Users\mikoshi\AppData\Local\Temp\ccI7uacG.ltrans12.ltrans.o
                0x00000000000804c4                CSWTCH.35.20996.20996
                0x00000000000804d8                au32TimerBaseAddress
 .rodata.str1.1
                0x00000000000804ec       0xae C:\Users\mikoshi\AppData\Local\Temp\ccI7uacG.ltrans13.ltrans.o
 .rodata.str1.1
                0x000000000008059a       0x11 C:\Users\mikoshi\AppData\Local\Temp\ccI7uacG.ltrans14.ltrans.o
 *fill*         0x00000000000805ab        0x1 00
 .rodata        0x00000000000805ac       0x7c C:\Users\mikoshi\AppData\Local\Temp\ccI7uacG.ltrans14.ltrans.o
                0x00000000000805e0                u32MacLow_TOCOS
                0x00000000000805e4                u32MacHigh_TOCOS
 .rodata        0x0000000000080628        0x8 C:\Users\mikoshi\AppData\Local\Temp\ccI7uacG.ltrans15.ltrans.o
                0x0000000000080628                au32UartAddrOffset
 .rodata        0x0000000000080630       0xc0 C:\Users\mikoshi\AppData\Local\Temp\ccI7uacG.ltrans17.ltrans.o
                0x0000000000080630                apvActionCalls
                0x00000000000806b8                s_aprScanHandleEvt.10732
                0x00000000000806e8                psTamMacContext
                0x00000000000806ec                psTAMcontext
 .rodata        0x00000000000806f0      0x281 c:/users/mikoshi/downloads/mwstage-2021-09_win10/mwstage/tools/ba-elf-ba2-r36379/bin/../lib/gcc/ba-elf/4.7.4/../../../../ba-elf/lib/mcpu_jn51xx_sizeopt\libc.a(lib_a-ctype_.o)
                0x00000000000806f0                _ctype_
 .rodata.str1.1
                0x0000000000000000        0x0 c:/users/mikoshi/downloads/mwstage-2021-09_win10/mwstage/tools/ba-elf-ba2-r36379/bin/../lib/gcc/ba-elf/4.7.4/../../../../ba-elf/lib/mcpu_jn51xx_sizeopt\libc.a(lib_a-impure.o)
                                          0x2 (size before relaxing)

.text           0x0000000000080974     0xa964
 *(.text*)
 .text          0x0000000000080974      0xbac C:\Users\mikoshi\AppData\Local\Temp\ccI7uacG.ltrans0.ltrans.o
                0x0000000000080974                bPMICdisassocReqSent.8809
                0x00000000000809eb                eWCoRRxDone.10380
                0x0000000000080a95                eWBcnRxDone.10392
                0x0000000000080c65                bTACprocessFrameRXcomplete
                0x0000000000081082                vTAMCOframeTXbeacon
                0x0000000000081149                vTAMDEframeRXsyncReq
                0x0000000000081398                vTAMDEint1FiredTrackingCAPgts
                0x0000000000081449                bPMICassocReqSent.8801
                0x00000000000814cb                bPMICassocReqPollSent.8816
 .text          0x0000000000081520      0xabc C:\Users\mikoshi\AppData\Local\Temp\ccI7uacG.ltrans1.ltrans.o
                0x0000000000081520                vPMICassocReqTO_1.8813
                0x00000000000815a8                vTAMDEstartSync
                0x0000000000081627                eTAMselect
                0x0000000000081768                MAC_pvCtor
                0x0000000000081b83                u32AppApiDefInit
                0x0000000000081c38                _ToCoNet_vMacInit
                0x0000000000081c9e                _ToCoNet_vRfConfig
                0x0000000000081ddf                vDeterminePowerState.13638
                0x0000000000081e63                vTAMDEint1FiredTrackingBeacon
                0x0000000000081f03                vTAMDEint2FiredTrackingDR
                0x0000000000081f28                vTAMDEframeTXtrackingDR
                0x0000000000081f81                vTAMDEint2FiredPollActive
                0x0000000000081fb5                vTAMDEreqTXnullTrackingCAP
                0x0000000000081fce                vTAM_TxRetryTimer
 .text          0x0000000000081fdc      0xbc8 C:\Users\mikoshi\AppData\Local\Temp\ccI7uacG.ltrans2.ltrans.o
                0x0000000000082117                vHnd_E_STATE_WAIT_TX.2615
                0x0000000000082188                vMLMEbeaconNotify
                0x00000000000822e6                vMCPSframeReceived
                0x00000000000823a9                vTAMRXEsetPhy
                0x000000000008246c                vTAHsetPhyState
                0x000000000008249c                vTAMCOint2Fired
                0x00000000000824bc                vSetPHYfromMacValue.13514
                0x00000000000824ee                vTAMDEint1FiredWaitDR
                0x00000000000824fb                vTACsetPHYfromMacValue
                0x000000000008251c                vTAMRXEsetReceiveForPibChange
                0x000000000008255c                bAHI_ReadMACID
                0x00000000000825a2                vExpireHead.19941
                0x00000000000825d2                ToCoNet_vInit
                0x0000000000082915                vfPrintf.constprop.58
                0x0000000000082ab0                vProcessEvCore.1473
                0x0000000000082b37                QUEUE__u8RemoveItem.part.1.4785
                0x0000000000082b72                QUEUE__vAddItem.constprop.47
 .text.unlikely
                0x0000000000082ba4      0x133 C:\Users\mikoshi\AppData\Local\Temp\ccI7uacG.ltrans2.ltrans.o
                0x0000000000082ba4                u32AppQApiInitInt_PATCH
                0x0000000000082bb3                ToCoNet_bMacTxReq
 .text          0x0000000000082cd7      0xb1e C:\Users\mikoshi\AppData\Local\Temp\ccI7uacG.ltrans3.ltrans.o
                0x0000000000082cec                mac_vLPBStartTimer
                0x0000000000082f4e                vProcessEvCoreTx.2584
                0x000000000008303e                vMicroIntEnableOnly.constprop.55
                0x000000000008306a                vAHI_ProtocolPower.constprop.52
                0x0000000000083078                XCV_vCtor.constprop.50
                0x00000000000831dd                bAHI_SetClockRate
                0x00000000000832e8                bAES_CCMstar
                0x00000000000833b4                bAES_CCM_DecodeKey
                0x0000000000083470                pvHeap_Alloc
                0x0000000000083473                u32AHI_Init
                0x0000000000083535                vMicroIntRestoreState
                0x0000000000083541                _ToCoNet_bRfChChannel
                0x00000000000835d6                ToCoNet_ChMgr_bCh_Reconfig
                0x000000000008363e                ToCoNet_ChMgr_vCh_TxFin
                0x000000000008366a                vHnd_E_STATE_IDLE.2607
                0x00000000000836c8                u8AHI_WakeTimerFiredStatus
                0x00000000000836dc                vAHI_WakeTimerStop.part.3.21328
                0x00000000000836fc                mac_vLPBStopTimer
                0x0000000000083706                vAHI_UartSetRTSCTS.part.15.21109
                0x000000000008372d                vAHI_UartReset.part.4.21082
                0x0000000000083765                vAHI_UartSetControl.part.2.21066
                0x00000000000837b6                vAHI_UartSetBaudDivisor.part.1.21062
 .text.unlikely
                0x00000000000837f5       0xb0 C:\Users\mikoshi\AppData\Local\Temp\ccI7uacG.ltrans3.ltrans.o
                0x00000000000837f5                vAHI_TimerEnable.part.1.20863.constprop.21
                0x0000000000083860                vAHI_MemoryHold.20762
 .text          0x00000000000838a5      0xb2b C:\Users\mikoshi\AppData\Local\Temp\ccI7uacG.ltrans4.ltrans.o
                0x00000000000838a5                vTACintRXheader
                0x00000000000840a0                vTAMCOreqTXinCAP
                0x00000000000840c6                vTrySendFromDirectCAP.12971
                0x00000000000840e2                vTrySendFromDirectNoBeacon.12975
                0x000000000008410e                vTAMCOint1Fired
                0x000000000008422a                vTAMCOstartBeacon
                0x0000000000084265                vStartStoreValues.13039
                0x000000000008431c                bStartCallback.13068
                0x000000000008434b                vTAMCOint1FiredCAP
                0x00000000000843be                vTAMCOreqTXnoBeacon
 .text          0x00000000000843d0      0x87a C:\Users\mikoshi\AppData\Local\Temp\ccI7uacG.ltrans5.ltrans.o
                0x000000000008441b                UART_vHandleUartInterrupt.4710
                0x00000000000844a2                vHnd_E_STATE_RUNNING.2623
                0x00000000000846ec                SERIAL_vTxReady
                0x000000000008474d                vAppQApiPostHwIntT.3267
                0x0000000000084820                SERIAL_bTxChar
                0x00000000000848d1                vRxChar.4608
                0x0000000000084922                vXCV_IntHandlerPhy
                0x00000000000849d4                vScanHandleTimer.9989
                0x00000000000849d9                vXCV_IntHandlerBbc
                0x0000000000084a7c                ToCoNet_vMacStart
                0x0000000000084a95                u8TAM_AES_WriteAuxilliarySecurityHeaderIntoBuffer
                0x0000000000084b07                phy_ePibSet.part.1.12199
                0x0000000000084b4f                u32AHI_ReadIndexSectorBits.constprop.7
                0x0000000000084bb0                vTAIsetCapTime
                0x0000000000084bd1                vTAIsetRxEnableTime
                0x0000000000084bf2                vDoGoActive.16680
                0x0000000000084c14                vTAMRXEint2Fired
 .text.unlikely
                0x0000000000084c4a       0xf4 C:\Users\mikoshi\AppData\Local\Temp\ccI7uacG.ltrans5.ltrans.o
                0x0000000000084c4a                Delay.20666.constprop.17
                0x0000000000084cc3                SERIAL_vFlush
 .text          0x0000000000084d3e      0xcb0 C:\Users\mikoshi\AppData\Local\Temp\ccI7uacG.ltrans6.ltrans.o
                0x0000000000084d3e                TSV_eStart
                0x0000000000084e22                eTAStransmitRequest
                0x00000000000851bd                vTAM_MCPSdataRequest
                0x0000000000085200                bTACcheckPANconflict
                0x00000000000852b9                TSV_eOpen
                0x00000000000852c1                vAppApiDefRestoreMacSettings
                0x0000000000085392                vAppApiDefSaveMacSettings
                0x00000000000853ef                mac_vLPBSleep
                0x00000000000854b4                pvAppApiDefGetMacAddrLocation
                0x00000000000854bd                eAppApiDefPlmeGet
                0x000000000008550f                eAppApiDefPlmeSet
                0x0000000000085568                vAppApiDefMcpsRequest
                0x0000000000085593                vHnd_E_STATE_PREPARE_TX.2602
 .text          0x00000000000859ee      0xc01 C:\Users\mikoshi\AppData\Local\Temp\ccI7uacG.ltrans7.ltrans.o
                0x00000000000859ee                vAHI_IntHandlerTimer4
                0x0000000000085a0f                vAHI_IntHandlerTimer3
                0x0000000000085a30                vAHI_IntHandlerTimer1
                0x0000000000085a50                vAHI_IntHandlerTimer0
                0x0000000000085a71                vTimerCallback.20648
                0x0000000000085a7c                vAHI_IntHandlerSpiMaster
                0x0000000000085aa2                vAHI_IntHandlerAnalogPeriph
                0x0000000000085ac2                vTTIBLETimerExpired
                0x0000000000085acd                vAHI_WatchdogStop
                0x0000000000085ae4                vAHI_CpuDoze
                0x0000000000085af7                cbAppWarmStart.part.3.1482
                0x0000000000085b1e                vAHI_DioSetOutput
                0x0000000000085b32                vAHI_DioSetDirection
                0x0000000000085b46                vACI_CmdWaitBusy
                0x0000000000085baa                vACI_OptimisedCcmStar
                0x0000000000085dc2                vTAIdisableInterrupt
                0x0000000000085ddb                vUpdateRegisters.19986
                0x0000000000085e22                psRemove.part.0.19936
                0x0000000000085e51                vMAC_MISCpollConfirm
                0x0000000000085e82                MAC_u8AclFindInfo
                0x0000000000085fac                vTASretrieveSecurity
                0x0000000000085fce                MAC_bLookUpKeyDescriptor.17488
                0x0000000000086048                u8TSCframeIncrease
                0x0000000000086081                vTSCpostTransmitUpdate
                0x00000000000860b1                vCopyToDataFromMacAddr.17398
                0x00000000000860e4                bTSCgetOutgoingInfo
                0x00000000000861ed                vDoGoOff.16678
                0x0000000000086207                psTAQsearchFifo
                0x0000000000086250                bTAQremoveFromFifo
                0x000000000008628d                vTTITransactionTimerExpired
                0x00000000000862b6                vTAMinsertEvent
                0x000000000008631c                vTTITimer2Expired
                0x0000000000086320                vTTITimer1Expired
                0x0000000000086324                vTAM_TxRetryTimeout
                0x0000000000086328                vTACsetTxFrameDefaults
                0x000000000008634e                u8TACgetHeaderSize
                0x000000000008638b                bUpdateTime.15716
                0x00000000000863c6                vTACbuildBeacon
                0x00000000000865ce                u32TACpayloadToU32M
 .text.unlikely
                0x00000000000865ef       0x11 C:\Users\mikoshi\AppData\Local\Temp\ccI7uacG.ltrans7.ltrans.o
                0x00000000000865ef                vStartXtal32kExternalRc.20662
 .text          0x0000000000086600      0x9b6 C:\Users\mikoshi\AppData\Local\Temp\ccI7uacG.ltrans8.ltrans.o
                0x0000000000086760                bAES_CCM_EncodeKey
                0x000000000008680d                vHnd_E_STATE_FINISH_TX_FAIL.2592
                0x00000000000868c0                vHnd_E_STATE_FINISH_TX_SUCCESS.2597
                0x0000000000086944                bTAM_AES_CCMstarPatch
                0x0000000000086a88                bTAM_AES_CCMstarPatch2006
                0x0000000000086b8f                vWriteFrame.15216
                0x0000000000086d67                bTATsendFrame
                0x0000000000086dba                vTrySendUnslotted.13516
                0x0000000000086dd3                bSendDataRequest.13518
                0x0000000000086ee5                bProcessBeaconRX.13521
 .text.unlikely
                0x0000000000086fb6      0x108 C:\Users\mikoshi\AppData\Local\Temp\ccI7uacG.ltrans8.ltrans.o
                0x0000000000086fb6                bStartXtal32k.20672
 *fill*         0x00000000000870be        0x2 00
 .text          0x00000000000870c0      0xa5c C:\Users\mikoshi\AppData\Local\Temp\ccI7uacG.ltrans9.ltrans.o
                0x00000000000870c0                vPostDcfm.10376
                0x0000000000087194                AppWarmStart
                0x000000000008723c                vSetNextChannel.10424
                0x0000000000087295                MAC_vHandleMlmeReqRsp
                0x0000000000087a45                vTAMDEint1FiredTracking
                0x0000000000087ab5                vTAMDEint1FiredSyncReq
 .text          0x0000000000087b1c      0x9c7 C:\Users\mikoshi\AppData\Local\Temp\ccI7uacG.ltrans10.ltrans.o
                0x0000000000087b1c                mac_vLPBAdjustBeaconOffset
                0x0000000000087b79                mac_u32LPBGetBeaconTimeout
                0x0000000000087b82                eWEnDTmrExpiry.10373
                0x0000000000087b8d                eWEnDEdDone.10370
                0x0000000000087be8                eGenlDontCare.10367
                0x0000000000087bed                eGenlIllegal.9992
                0x0000000000087bf4                u32GetTimer0
                0x0000000000087bfb                vSetTimer0
                0x0000000000087c0a                SPRINTF_bPutChar.4876
                0x0000000000087c46                vHandlerPatch.4583
                0x0000000000087c7d                u8HwEventHandler.1941
                0x0000000000087c9c                vTACu32ToPayloadM
                0x0000000000087cb4                bTACframeInProgress
                0x0000000000087cde                bTACassessBeaconForPayload
                0x0000000000087d2f                bIsBbcSafeForTx
                0x0000000000087d64                vTATwriteAclMaterialToHardware
                0x0000000000087d89                vTATsetBLE
                0x0000000000087dc0                vTATgetFramePayload
                0x0000000000087ddd                eTATreadTXstatus
                0x0000000000087e23                vTAHsetPhyStateDirect.part.0.14857
                0x0000000000087e3f                vMEMreturn
                0x0000000000087eb0                vTACinformOriginator
                0x0000000000087ed2                pvMEMget
                0x0000000000087efe                vTAMDEdetermineNullState
                0x0000000000087f18                vTAMCOupdatePendingList
                0x0000000000087fea                vTAMCOsetCoordinator
                0x0000000000088010                vPhySetChannel
                0x0000000000088029                eScanHandleEvt.part.0.10403
                0x0000000000088052                mac_eDcfmIndPost
                0x0000000000088073                mac_psDcfmIndGetBuf
                0x0000000000088094                vMLMErxEnableConfirm
                0x00000000000880c6                vMLMEcommStatus
                0x0000000000088129                vMLMEcommStatusFromFrame
                0x000000000008816d                vMLMEsyncLoss
                0x00000000000881a0                vPMICpostFailedAssocDcfm
                0x00000000000881d8                vPMICassocReqTO_2.8820
                0x00000000000881ef                MAC_vPibSetPanId
                0x000000000008820a                vHandleTofRequest.6926
                0x000000000008820d                vAppApiDefSetPrbsSeed
                0x0000000000088231                u8CCITT8
                0x0000000000088257                bAES_CCM_KeyReg
                0x0000000000088296                bFifoPush.3288
                0x00000000000882cf                vAppQApiPostMlme.3274
                0x00000000000882ee                vAppQApiPostMcps.3281
                0x0000000000088309                pvFifoPull.3285
                0x0000000000088330                psAppQApiGetMlmeBuffer.3271
                0x0000000000088338                psAppQApiGetMcpsBuffer.3278
                0x0000000000088340                ToCoNet_vReg_mod_TxRxQueueMid
                0x00000000000883c1                PRSEV_vSetState
                0x00000000000883d1                PRSEV_u8Register
                0x000000000008840f                PRSEV_vProcessEv_core.1731
                0x00000000000884b1                PRSEV_vProcessEvPost
 .text.unlikely
                0x00000000000884e3      0x174 C:\Users\mikoshi\AppData\Local\Temp\ccI7uacG.ltrans10.ltrans.o
                0x00000000000884e3                _PRSEV_vProcessEvSingleH
                0x00000000000884f2                parseLongitude
                0x0000000000088546                parseLatitude
                0x0000000000088598                parseDate
                0x00000000000885e9                tokenOnList
                0x000000000008862d                parseHex
 .text          0x0000000000088657      0x93d C:\Users\mikoshi\AppData\Local\Temp\ccI7uacG.ltrans11.ltrans.o
                0x0000000000088657                vProcessEvCoreMac
                0x00000000000886be                ToCoNet_vMain
 .text.unlikely
                0x0000000000088f94      0x562 C:\Users\mikoshi\AppData\Local\Temp\ccI7uacG.ltrans12.ltrans.o
                0x0000000000088f94                ToCoNet_vStart
 .text          0x00000000000894f6       0xbb C:\Users\mikoshi\AppData\Local\Temp\ccI7uacG.ltrans13.ltrans.o
                0x00000000000894f6                vAppApiDefMlmeRequest
                0x0000000000089521                pvAppApiDefGetMacHandle
                0x000000000008952a                cbAppColdStart.part.4.1557
 .text.unlikely
                0x00000000000895b1      0x5a9 C:\Users\mikoshi\AppData\Local\Temp\ccI7uacG.ltrans13.ltrans.o
                0x00000000000895ce                vProcessIncomingHwEvent.2110
 .text          0x0000000000089b5a      0x531 C:\Users\mikoshi\AppData\Local\Temp\ccI7uacG.ltrans14.ltrans.o
                0x0000000000089b5a                AppColdStart
 .text          0x000000000008a08b      0x417 C:\Users\mikoshi\AppData\Local\Temp\ccI7uacG.ltrans15.ltrans.o
                0x000000000008a08b                vAHI_IntHandlerTickTimer
                0x000000000008a0d2                eGenRxHdrDone.10383
                0x000000000008a0e2                vInitHardware.isra.2.1552
 .text          0x000000000008a4a2      0x434 C:\Users\mikoshi\AppData\Local\Temp\ccI7uacG.ltrans16.ltrans.o
                0x000000000008a4a2                eGenTmrExpiry.10685
                0x000000000008a4e4                eWEDTEdDone.10688
                0x000000000008a508                TSV_eStop
                0x000000000008a5a9                vTAStidyUpAfterFrameTX
                0x000000000008a605                MAC_vHandleMcpsReqRsp
                0x000000000008a692                bMCPSframeTXcomplete.11420
                0x000000000008a6e7                bSendSyncLoss.15651
                0x000000000008a6ff                bPollReqSent.19247
                0x000000000008a717                bTASsendCommStatusInd
                0x000000000008a72c                bAssocRespSent.8805
                0x000000000008a73f                eWChCChanChgd.10400
 *fill*         0x000000000008a8d6        0x2 00
 .text          0x000000000008a8d8      0x350 C:\Users\mikoshi\AppData\Local\Temp\ccI7uacG.ltrans17.ltrans.o
                0x000000000008a8d8                vTAMCOframeRXcap
                0x000000000008a8ea                vTAMCOframeRXgoingIdle
                0x000000000008a900                vTAMCOframeRXnobeacon
                0x000000000008a912                vTAMDEframeRX
                0x000000000008aab9                eWONTTxDone.10386
                0x000000000008aae7                eWBRTTxDone.10389
                0x000000000008ab05                vTAMCOframeTXgoingIdle
                0x000000000008ab1f                vTAMCOframeTXcap
                0x000000000008ab45                vTAMCOframeTXnobeacon
                0x000000000008ab5b                vTAMCOframeStarting
                0x000000000008ab74                vTAMDEframeTXDEnull
                0x000000000008ab99                vTAMDEframeTXtrackingCAPgts
                0x000000000008abc8                vTAMDEframePreSyncReq
                0x000000000008abe1                vTAMDEframeRXtrackingDR
 .text          0x000000000008ac28       0x25 c:/users/mikoshi/downloads/mwstage-2021-09_win10/mwstage/tools/ba-elf-ba2-r36379/bin/../lib/gcc/ba-elf/4.7.4/../../../../ba-elf/lib/mcpu_jn51xx_sizeopt\libc.a(lib_a-memcmp.o)
                0x000000000008ac28                memcmp
 .text          0x000000000008ac4d       0x19 c:/users/mikoshi/downloads/mwstage-2021-09_win10/mwstage/tools/ba-elf-ba2-r36379/bin/../lib/gcc/ba-elf/4.7.4/../../../../ba-elf/lib/mcpu_jn51xx_sizeopt\libc.a(lib_a-memcpy.o)
 .text          0x000000000008ac66       0x12 c:/users/mikoshi/downloads/mwstage-2021-09_win10/mwstage/tools/ba-elf-ba2-r36379/bin/../lib/gcc/ba-elf/4.7.4/../../../../ba-elf/lib/mcpu_jn51xx_sizeopt\libc.a(lib_a-memset.o)
                0x000000000008ac66                memset
 .text          0x000000000008ac78       0x1c c:/users/mikoshi/downloads/mwstage-2021-09_win10/mwstage/tools/ba-elf-ba2-r36379/bin/../lib/gcc/ba-elf/4.7.4/../../../../ba-elf/lib/mcpu_jn51xx_sizeopt\libc.a(lib_a-strchr.o)
                0x000000000008ac78                strchr
 .text          0x000000000008ac94       0x25 c:/users/mikoshi/downloads/mwstage-2021-09_win10/mwstage/tools/ba-elf-ba2-r36379/bin/../lib/gcc/ba-elf/4.7.4/../../../../ba-elf/lib/mcpu_jn51xx_sizeopt\libc.a(lib_a-strcmp.o)
                0x000000000008ac94                strcmp
 .text          0x000000000008acb9       0x15 c:/users/mikoshi/downloads/mwstage-2021-09_win10/mwstage/tools/ba-elf-ba2-r36379/bin/../lib/gcc/ba-elf/4.7.4/../../../../ba-elf/lib/mcpu_jn51xx_sizeopt\libc.a(lib_a-strcpy.o)
                0x000000000008acb9                strcpy
 .text          0x000000000008acce       0x12 c:/users/mikoshi/downloads/mwstage-2021-09_win10/mwstage/tools/ba-elf-ba2-r36379/bin/../lib/gcc/ba-elf/4.7.4/../../../../ba-elf/lib/mcpu_jn51xx_sizeopt\libc.a(lib_a-strlen.o)
                0x000000000008acce                strlen
 .text          0x000000000008ace0       0x38 c:/users/mikoshi/downloads/mwstage-2021-09_win10/mwstage/tools/ba-elf-ba2-r36379/bin/../lib/gcc/ba-elf/4.7.4/../../../../ba-elf/lib/mcpu_jn51xx_sizeopt\libc.a(lib_a-strncmp.o)
                0x000000000008ace0                strncmp
 .text          0x000000000008ad18       0x2b c:/users/mikoshi/downloads/mwstage-2021-09_win10/mwstage/tools/ba-elf-ba2-r36379/bin/../lib/gcc/ba-elf/4.7.4/../../../../ba-elf/lib/mcpu_jn51xx_sizeopt\libc.a(lib_a-strncpy.o)
                0x000000000008ad18                strncpy
 *fill*         0x000000000008ad43        0x1 00
 .text          0x000000000008ad44       0x30 c:/users/mikoshi/downloads/mwstage-2021-09_win10/mwstage/tools/ba-elf-ba2-r36379/bin/../lib/gcc/ba-elf/4.7.4/mcpu_jn51xx_sizeopt\libgcc.a(__divsi3.o)
                0x000000000008ad44                __divsi3
 .text          0x000000000008ad74       0x27 C:/Users/mikoshi/Downloads/MWSTAGE-2021-09_win10/MWSTAGE/MWSDK/ChipLib/SW4063V1416/Components/Library\libHardwareApi_JN516x.a(AHI_Interrupt.o)
                0x000000000008ad74                vAHI_InterruptSetPriority
                0x000000000008ad92                vAHI_InterruptSetActivePriorityLevel
 .text.vMicroSyscall
                0x000000000008ad9b       0x17 C:/Users/mikoshi/Downloads/MWSTAGE-2021-09_win10/MWSTAGE/MWSDK/ChipLib/SW4063V1416/Components/Library\libMicroSpecific_JN516x.a(MicroSyscall_ba.o)
                0x000000000008ad9b                vMicroSyscall
 .text          0x000000000008adb2        0xe c:/users/mikoshi/downloads/mwstage-2021-09_win10/mwstage/tools/ba-elf-ba2-r36379/bin/../lib/gcc/ba-elf/4.7.4/../../../../ba-elf/lib/mcpu_jn51xx_sizeopt\libc.a(lib_a-atoi.o)
                0x000000000008adb2                atoi
                0x000000000008adb9                _atoi_r
 .text          0x000000000008adc0      0x164 c:/users/mikoshi/downloads/mwstage-2021-09_win10/mwstage/tools/ba-elf-ba2-r36379/bin/../lib/gcc/ba-elf/4.7.4/../../../../ba-elf/lib/mcpu_jn51xx_sizeopt\libc.a(lib_a-strtol.o)
                0x000000000008adc0                _strtol_r
                0x000000000008af12                strtol
 .text          0x000000000008af24      0x204 c:/users/mikoshi/downloads/mwstage-2021-09_win10/mwstage/tools/ba-elf-ba2-r36379/bin/../lib/gcc/ba-elf/4.7.4/mcpu_jn51xx_sizeopt\libgcc.a(__udivsi3.o)
                0x000000000008af24                __udivsi3
 .text          0x000000000008b128      0x1b0 c:/users/mikoshi/downloads/mwstage-2021-09_win10/mwstage/tools/ba-elf-ba2-r36379/bin/../lib/gcc/ba-elf/4.7.4/mcpu_jn51xx_sizeopt\libgcc.a(__umodsi3.o)
                0x000000000008b128                __umodsi3
                0x000000000008b2d8                _flash_end = ABSOLUTE (.)

.rela.dyn       0x000000000008b2d8        0x0
 .rela.text     0x0000000000000000        0x0 c:/users/mikoshi/downloads/mwstage-2021-09_win10/mwstage/tools/ba-elf-ba2-r36379/bin/../lib/gcc/ba-elf/4.7.4/../../../../ba-elf/lib/mcpu_jn51xx_sizeopt\libc.a(lib_a-strtol.o)
 .rela.text.unlikely
                0x0000000000000000        0x0 c:/users/mikoshi/downloads/mwstage-2021-09_win10/mwstage/tools/ba-elf-ba2-r36379/bin/../lib/gcc/ba-elf/4.7.4/../../../../ba-elf/lib/mcpu_jn51xx_sizeopt\libc.a(lib_a-strtol.o)
 .rela.data     0x0000000000000000        0x0 c:/users/mikoshi/downloads/mwstage-2021-09_win10/mwstage/tools/ba-elf-ba2-r36379/bin/../lib/gcc/ba-elf/4.7.4/../../../../ba-elf/lib/mcpu_jn51xx_sizeopt\libc.a(lib_a-strtol.o)
 .rela.rodata   0x0000000000000000        0x0 c:/users/mikoshi/downloads/mwstage-2021-09_win10/mwstage/tools/ba-elf-ba2-r36379/bin/../lib/gcc/ba-elf/4.7.4/../../../../ba-elf/lib/mcpu_jn51xx_sizeopt\libc.a(lib_a-strtol.o)
                0x000000000400004c                . = ORIGIN (ram)

.data           0x000000000400004c      0x4dc load address 0x000000000008b2d8
                0x000000000400004c                _ram_data_start = ABSOLUTE (.)
 *(.data*)
 .data          0x000000000400004c        0x1 C:\Users\mikoshi\AppData\Local\Temp\ccI7uacG.ltrans1.ltrans.o
 .data.initinboot
                0x000000000400004d        0x1 C:\Users\mikoshi\AppData\Local\Temp\ccI7uacG.ltrans1.ltrans.o
                0x000000000400004d                gMAC_u8MaxBuffers
 *fill*         0x000000000400004e        0x2 00
 .data          0x0000000004000050        0x8 C:\Users\mikoshi\AppData\Local\Temp\ccI7uacG.ltrans3.ltrans.o
                0x0000000004000050                u32HeapStart
 .data.initinboot
                0x0000000004000058        0x8 C:\Users\mikoshi\AppData\Local\Temp\ccI7uacG.ltrans3.ltrans.o
 .data          0x0000000004000060        0x1 C:\Users\mikoshi\AppData\Local\Temp\ccI7uacG.ltrans6.ltrans.o
                0x0000000004000060                u8TxWkrNow.2725
 *fill*         0x0000000004000061        0x1 00
 .data          0x0000000004000062        0x4 C:\Users\mikoshi\AppData\Local\Temp\ccI7uacG.ltrans11.ltrans.o
 *fill*         0x0000000004000066        0x2 00
 .data          0x0000000004000068       0x8c C:\Users\mikoshi\AppData\Local\Temp\ccI7uacG.ltrans13.ltrans.o
 .data          0x00000000040000f4        0x4 c:/users/mikoshi/downloads/mwstage-2021-09_win10/mwstage/tools/ba-elf-ba2-r36379/bin/../lib/gcc/ba-elf/4.7.4/../../../../ba-elf/lib/mcpu_jn51xx_sizeopt\libc.a(lib_a-ctype_.o)
                0x00000000040000f4                __ctype_ptr__
 .data          0x00000000040000f8      0x430 c:/users/mikoshi/downloads/mwstage-2021-09_win10/mwstage/tools/ba-elf-ba2-r36379/bin/../lib/gcc/ba-elf/4.7.4/../../../../ba-elf/lib/mcpu_jn51xx_sizeopt\libc.a(lib_a-impure.o)
                0x00000000040000f8                _impure_ptr
 *(.data.*)
                0x0000000004000528                . = ALIGN (0x4)
                0x0000000004000528                _ram_data_end = ABSOLUTE (.)

.bss            0x0000000004000528     0x1e8c load address 0x000000000008b7b4
                0x0000000004000528                _bss_start = ABSOLUTE (.)
 *(.bss*)
 .bss           0x0000000004000528       0x40 C:\Users\mikoshi\AppData\Local\Temp\ccI7uacG.ltrans0.ltrans.o
                0x0000000004000528                g_sLP
                0x0000000004000564                g_pvMac
 .bss.initinboot
                0x0000000004000568        0x4 C:\Users\mikoshi\AppData\Local\Temp\ccI7uacG.ltrans0.ltrans.o
 .bss           0x000000000400056c       0x20 C:\Users\mikoshi\AppData\Local\Temp\ccI7uacG.ltrans1.ltrans.o
                0x000000000400056c                g_sXcv
                0x0000000004000570                prMcpsRequest.5813
                0x0000000004000574                prMlmeRequest.5812
                0x0000000004000578                prOriginalHandler.4587
 .bss.initinboot
                0x000000000400058c        0x8 C:\Users\mikoshi\AppData\Local\Temp\ccI7uacG.ltrans1.ltrans.o
                0x000000000400058c                g_u32MacAddrLocation
                0x0000000004000590                prvUserTxStartedCallback
 .bss           0x0000000004000594      0x724 C:\Users\mikoshi\AppData\Local\Temp\ccI7uacG.ltrans2.ltrans.o
                0x0000000004000594                prApAppCallback.20477
                0x0000000004000598                prSpiAppCallback.20636
                0x000000000400059c                prSiAppCallback.21831
                0x00000000040005a0                prAppMcpsCallback.3510
                0x00000000040005a4                prAppMlmeCallback.3511
                0x00000000040005a8                bTxEventQueued.16546
                0x00000000040005a9                u8TxEventStatus.16547
 .bss.initinboot
                0x0000000004000cb8        0x4 C:\Users\mikoshi\AppData\Local\Temp\ccI7uacG.ltrans2.ltrans.o
                0x0000000004000cb8                prSysCtrlAppCallback.20839
 .bss           0x0000000004000cbc        0x8 C:\Users\mikoshi\AppData\Local\Temp\ccI7uacG.ltrans3.ltrans.o
 .bss.dontinitinboot
                0x0000000004000cc4        0xc C:\Users\mikoshi\AppData\Local\Temp\ccI7uacG.ltrans3.ltrans.o
 .bss           0x0000000004000cd0        0x8 C:\Users\mikoshi\AppData\Local\Temp\ccI7uacG.ltrans4.ltrans.o
 .bss           0x0000000004000cd8       0x24 C:\Users\mikoshi\AppData\Local\Temp\ccI7uacG.ltrans5.ltrans.o
                0x0000000004000cd8                sAppHousekeeping
                0x0000000004000cf0                prAppHwCallback.3512
                0x0000000004000cf4                _SERIAL_bmTxIntEnabled
                0x0000000004000cf8                TxWorker_u8Num.2682
                0x0000000004000cf9                gbTimeOutFlag.20835
 .bss           0x0000000004000cfc       0x28 C:\Users\mikoshi\AppData\Local\Temp\ccI7uacG.ltrans6.ltrans.o
                0x0000000004000cfc                sCh_Context.3144
                0x0000000004000d00                asTx.2681
 .bss.initinboot
                0x0000000004000d24        0x1 C:\Users\mikoshi\AppData\Local\Temp\ccI7uacG.ltrans6.ltrans.o
 .bss           0x0000000004000d25        0x1 C:\Users\mikoshi\AppData\Local\Temp\ccI7uacG.ltrans7.ltrans.o
                0x0000000004000d25                u8TAM_TxStatusOverride
 .bss.dontinitinboot
                0x0000000004000d26        0x1 C:\Users\mikoshi\AppData\Local\Temp\ccI7uacG.ltrans8.ltrans.o
 *fill*         0x0000000004000d27        0x1 00
 .bss           0x0000000004000d28       0x78 C:\Users\mikoshi\AppData\Local\Temp\ccI7uacG.ltrans9.ltrans.o
                0x0000000004000d28                bWakeupByButton.1637
                0x0000000004000d2c                sToCoNet_AppContext
                0x0000000004000d48                sToCoNet_Context
                0x0000000004000d90                sAssocSecurity.9430
                0x0000000004000d9c                g_bJenieBackwardsCompatibilityMode
 .bss           0x0000000004000da0      0xb04 C:\Users\mikoshi\AppData\Local\Temp\ccI7uacG.ltrans10.ltrans.o
 .bss           0x00000000040018a4       0xe4 C:\Users\mikoshi\AppData\Local\Temp\ccI7uacG.ltrans11.ltrans.o
                0x00000000040018a4                sMcpsIndQueue.3506
                0x00000000040018b4                sMcpsIndBufferQueue.3504
                0x00000000040018c4                sMlmeIndQueue.3507
                0x00000000040018d4                sMlmeIndBufferQueue.3505
                0x00000000040018e4                sHwIndQueue.3508
                0x00000000040018f4                sHwIndBufferQueue.3509
                0x0000000004001904                _u32_INT_adc_comp
                0x0000000004001908                _u32_INT_ticktimer
                0x000000000400190c                sOpt.4759
                0x000000000400191c                asSerialPorts
                0x0000000004001954                sAppData.1614
                0x0000000004001964                sSerStream
                0x000000000400196c                sSerPort
 .bss           0x0000000004001988      0x180 C:\Users\mikoshi\AppData\Local\Temp\ccI7uacG.ltrans12.ltrans.o
                0x0000000004001988                u8AppId_Pkt_head.4456
                0x000000000400198c                u32AppId.4453
                0x0000000004001990                u32MyAddr.4455
                0x0000000004001994                bRxQueue_Init.4454
                0x0000000004001998                psRxQueueList.4452
                0x00000000040019ac                prTickTimeAppCallback
                0x00000000040019b0                apfTimerAppCallback.21048
                0x00000000040019c4                au16TimerSettings.20997
                0x00000000040019d0                asEventHandler.1798
                0x0000000004001a70                sEvVars
                0x0000000004001a8c                u32TickCount_ms
                0x0000000004001a90                au8Txdatabuff_idx_sTxQueue
                0x0000000004001a94                u8TxBuffSiz_sTxQueue
                0x0000000004001a98                sTxdatabuff_sTxQueue
                0x0000000004001a9c                sTxQueue
                0x0000000004001ab8                au8Rxdatabuff_idx_sRxQueue
                0x0000000004001abc                u8RxBuffSiz_sRxQueue
                0x0000000004001ac0                sRxdatabuff_sRxQueue
                0x0000000004001ac4                sRxQueue
                0x0000000004001ae0                au8Rxdatabuff_idx_sRxQueueCmd
                0x0000000004001ae4                u8RxBuffSiz_sRxQueueCmd
                0x0000000004001ae8                sRxdatabuff_sRxQueueCmd
                0x0000000004001aec                sRxQueueCmd.2249
 .bss           0x0000000004001b08      0x1bc C:\Users\mikoshi\AppData\Local\Temp\ccI7uacG.ltrans13.ltrans.o
                0x0000000004001b08                au8sprintf.4922
                0x0000000004001b0c                SPRINTF_MAX_BUFF.4924
 .bss           0x0000000004001cc4       0x98 C:\Users\mikoshi\AppData\Local\Temp\ccI7uacG.ltrans14.ltrans.o
                0x0000000004001cc4                sContext.4577
                0x0000000004001cf0                sToCoNet_Modules
 .bss           0x0000000004001d5c      0x448 C:\Users\mikoshi\AppData\Local\Temp\ccI7uacG.ltrans15.ltrans.o
                0x0000000004001d5c                prUart1AppCallback.21303
                0x0000000004001d60                prUart0AppCallback.21302
                0x0000000004001d64                asUARTS.4752
 .bss           0x00000000040021a4       0x14 C:\Users\mikoshi\AppData\Local\Temp\ccI7uacG.ltrans16.ltrans.o
                0x00000000040021a4                s_sTimerList
                0x00000000040021b4                u8AssocResponsesInProgress.9429
 .bss.initinboot
                0x00000000040021b8      0x1bc C:\Users\mikoshi\AppData\Local\Temp\ccI7uacG.ltrans17.ltrans.o
                0x00000000040021b8                g_sMac
 .bss.dontinitinboot
                0x0000000004002374       0x40 C:/Users/mikoshi/Downloads/MWSTAGE-2021-09_win10/MWSTAGE/MWSDK/ChipLib/SW4063V1416/Components/Library\libBoot_JN516x.a(ExceptionHandler.o)
                0x0000000004002374                isr_handlers
 *(.bss.*)
 *(.scommon*)
 *(.scommon.*)
 *(COMMON)
                0x00000000040023b4                . = ALIGN (0x4)
                0x00000000040023b4                _bss_end = ABSOLUTE (.)

.heap           0x00000000040023b4      0xd16 load address 0x000000000008d640
                0x00000000040023b4                _heap_start = ABSOLUTE (.)
                0x00000000040030ca                . = (. + _minimum_heap_size)
 *fill*         0x00000000040023b4      0xd16 00

.stack          0x0000000004007800      0x800 load address 0x0000000000092a8c
                0x0000000004007800                _heap_end = ABSOLUTE (.)
                0x0000000004007800                _stack_low_water_mark = ABSOLUTE (.)
                0x0000000004008000                . = (. + _stack_size)
 *fill*         0x0000000004007800      0x800 00

.test           0x000000000008b7b4        0x1
                0x000000000008b7b4        0x1 BYTE 0xff
                0x000000000008b2d8                _flash_data_start = LOADADDR (.data)
                0x00000000000004dc                _ram_data_len = (((_ram_data_end - _ram_data_start) + 0x3) & 0xfffffffffffffffc)
                0x0000000000001e8c                _bss_len = (((_bss_end - _bss_start) + 0x3) & 0xfffffffffffffffc)
                0x000000000000b7b4                _image_len = ((((_flash_end - _flash_start) + _ram_data_len) + 0x3) & 0xfffffffffffffffc)
                0x0000000004008000                _ram_top = (ABSOLUTE (ORIGIN (ram)) + 0x7fb4)
                0x0000000004008000                ram_top = (ABSOLUTE (ORIGIN (ram)) + 0x7fb4)
                0x0000000001001580                _app_ram_start = 0x1001580
                0x0000000004000050                PROVIDE (_heap_location, u32HeapStart)
                0x0000000004000050                PROVIDE (heap_location, u32HeapStart)
                0x00000000000852b9                TSV_eOpenVector = TSV_eOpen
                0x0000000000084d3e                TSV_eStartVector = TSV_eStart
                0x000000000008a508                TSV_eStopVector = TSV_eStop
                0x0000000000089521                pvAppApiGetMacHandle = pvAppApiDefGetMacHandle
                0x0000000000081b83                u32AppApiInit = u32AppApiDefInit
                0x00000000000894f6                vAppApiMlmeRequest = vAppApiDefMlmeRequest
                0x0000000000085568                vAppApiMcpsRequest = vAppApiDefMcpsRequest
                0x000000000008550f                eAppApiPlmeSet = eAppApiDefPlmeSet
                0x00000000000854bd                eAppApiPlmeGet = eAppApiDefPlmeGet
                0x00000000000854b4                pvAppApiGetMacAddrLocation = pvAppApiDefGetMacAddrLocation
                0x0000000000085392                vAppApiSaveMacSettings = vAppApiDefSaveMacSettings
                0x00000000000852c1                vAppApiRestoreMacSettings = vAppApiDefRestoreMacSettings
OUTPUT(objs_BLUE/GPS_BLUE_L1305_V0-4-0.elf elf32-ba)

.comment        0x0000000000000000       0x11
 .comment       0x0000000000000000       0x12 C:\Users\mikoshi\AppData\Local\Temp\ccI7uacG.ltrans0.ltrans.o
 .comment       0x0000000000000000       0x12 C:\Users\mikoshi\AppData\Local\Temp\ccI7uacG.ltrans1.ltrans.o
 .comment       0x0000000000000000       0x12 C:\Users\mikoshi\AppData\Local\Temp\ccI7uacG.ltrans2.ltrans.o
 .comment       0x0000000000000000       0x12 C:\Users\mikoshi\AppData\Local\Temp\ccI7uacG.ltrans3.ltrans.o
 .comment       0x0000000000000000       0x12 C:\Users\mikoshi\AppData\Local\Temp\ccI7uacG.ltrans4.ltrans.o
 .comment       0x0000000000000000       0x12 C:\Users\mikoshi\AppData\Local\Temp\ccI7uacG.ltrans5.ltrans.o
 .comment       0x0000000000000000       0x12 C:\Users\mikoshi\AppData\Local\Temp\ccI7uacG.ltrans6.ltrans.o
 .comment       0x0000000000000000       0x12 C:\Users\mikoshi\AppData\Local\Temp\ccI7uacG.ltrans7.ltrans.o
 .comment       0x0000000000000000       0x12 C:\Users\mikoshi\AppData\Local\Temp\ccI7uacG.ltrans8.ltrans.o
 .comment       0x0000000000000000       0x12 C:\Users\mikoshi\AppData\Local\Temp\ccI7uacG.ltrans9.ltrans.o
 .comment       0x0000000000000000       0x12 C:\Users\mikoshi\AppData\Local\Temp\ccI7uacG.ltrans10.ltrans.o
 .comment       0x0000000000000000       0x12 C:\Users\mikoshi\AppData\Local\Temp\ccI7uacG.ltrans11.ltrans.o
 .comment       0x0000000000000000       0x12 C:\Users\mikoshi\AppData\Local\Temp\ccI7uacG.ltrans12.ltrans.o
 .comment       0x0000000000000000       0x12 C:\Users\mikoshi\AppData\Local\Temp\ccI7uacG.ltrans13.ltrans.o
 .comment       0x0000000000000000       0x12 C:\Users\mikoshi\AppData\Local\Temp\ccI7uacG.ltrans14.ltrans.o
 .comment       0x0000000000000000       0x12 C:\Users\mikoshi\AppData\Local\Temp\ccI7uacG.ltrans15.ltrans.o
 .comment       0x0000000000000000       0x12 C:\Users\mikoshi\AppData\Local\Temp\ccI7uacG.ltrans16.ltrans.o
 .comment       0x0000000000000000       0x12 C:\Users\mikoshi\AppData\Local\Temp\ccI7uacG.ltrans17.ltrans.o
 .comment       0x0000000000000000       0x12 c:/users/mikoshi/downloads/mwstage-2021-09_win10/mwstage/tools/ba-elf-ba2-r36379/bin/../lib/gcc/ba-elf/4.7.4/../../../../ba-elf/lib/mcpu_jn51xx_sizeopt\libc.a(lib_a-memcmp.o)
 .comment       0x0000000000000000       0x12 c:/users/mikoshi/downloads/mwstage-2021-09_win10/mwstage/tools/ba-elf-ba2-r36379/bin/../lib/gcc/ba-elf/4.7.4/../../../../ba-elf/lib/mcpu_jn51xx_sizeopt\libc.a(lib_a-memcpy.o)
 .comment       0x0000000000000000       0x12 c:/users/mikoshi/downloads/mwstage-2021-09_win10/mwstage/tools/ba-elf-ba2-r36379/bin/../lib/gcc/ba-elf/4.7.4/../../../../ba-elf/lib/mcpu_jn51xx_sizeopt\libc.a(lib_a-memset.o)
 .comment       0x0000000000000000       0x12 c:/users/mikoshi/downloads/mwstage-2021-09_win10/mwstage/tools/ba-elf-ba2-r36379/bin/../lib/gcc/ba-elf/4.7.4/../../../../ba-elf/lib/mcpu_jn51xx_sizeopt\libc.a(lib_a-strchr.o)
 .comment       0x0000000000000000       0x12 c:/users/mikoshi/downloads/mwstage-2021-09_win10/mwstage/tools/ba-elf-ba2-r36379/bin/../lib/gcc/ba-elf/4.7.4/../../../../ba-elf/lib/mcpu_jn51xx_sizeopt\libc.a(lib_a-strcmp.o)
 .comment       0x0000000000000000       0x12 c:/users/mikoshi/downloads/mwstage-2021-09_win10/mwstage/tools/ba-elf-ba2-r36379/bin/../lib/gcc/ba-elf/4.7.4/../../../../ba-elf/lib/mcpu_jn51xx_sizeopt\libc.a(lib_a-strcpy.o)
 .comment       0x0000000000000000       0x12 c:/users/mikoshi/downloads/mwstage-2021-09_win10/mwstage/tools/ba-elf-ba2-r36379/bin/../lib/gcc/ba-elf/4.7.4/../../../../ba-elf/lib/mcpu_jn51xx_sizeopt\libc.a(lib_a-strlen.o)
 .comment       0x0000000000000000       0x12 c:/users/mikoshi/downloads/mwstage-2021-09_win10/mwstage/tools/ba-elf-ba2-r36379/bin/../lib/gcc/ba-elf/4.7.4/../../../../ba-elf/lib/mcpu_jn51xx_sizeopt\libc.a(lib_a-strncmp.o)
 .comment       0x0000000000000000       0x12 c:/users/mikoshi/downloads/mwstage-2021-09_win10/mwstage/tools/ba-elf-ba2-r36379/bin/../lib/gcc/ba-elf/4.7.4/../../../../ba-elf/lib/mcpu_jn51xx_sizeopt\libc.a(lib_a-strncpy.o)
 .comment       0x0000000000000000       0x11 C:/Users/mikoshi/Downloads/MWSTAGE-2021-09_win10/MWSTAGE/MWSDK/ChipLib/SW4063V1416/Components/Library\libMicroSpecific_JN516x.a(MicroSyscall_ba.o)
                                         0x12 (size before relaxing)
 .comment       0x0000000000000000       0x12 c:/users/mikoshi/downloads/mwstage-2021-09_win10/mwstage/tools/ba-elf-ba2-r36379/bin/../lib/gcc/ba-elf/4.7.4/../../../../ba-elf/lib/mcpu_jn51xx_sizeopt\libc.a(lib_a-atoi.o)
 .comment       0x0000000000000000       0x12 c:/users/mikoshi/downloads/mwstage-2021-09_win10/mwstage/tools/ba-elf-ba2-r36379/bin/../lib/gcc/ba-elf/4.7.4/../../../../ba-elf/lib/mcpu_jn51xx_sizeopt\libc.a(lib_a-strtol.o)
 .comment       0x0000000000000000       0x12 c:/users/mikoshi/downloads/mwstage-2021-09_win10/mwstage/tools/ba-elf-ba2-r36379/bin/../lib/gcc/ba-elf/4.7.4/../../../../ba-elf/lib/mcpu_jn51xx_sizeopt\libc.a(lib_a-ctype_.o)
 .comment       0x0000000000000000       0x12 c:/users/mikoshi/downloads/mwstage-2021-09_win10/mwstage/tools/ba-elf-ba2-r36379/bin/../lib/gcc/ba-elf/4.7.4/../../../../ba-elf/lib/mcpu_jn51xx_sizeopt\libc.a(lib_a-impure.o)

.debug_info     0x0000000000000000     0x295e
 .debug_info    0x0000000000000000       0xf3 c:/users/mikoshi/downloads/mwstage-2021-09_win10/mwstage/tools/ba-elf-ba2-r36379/bin/../lib/gcc/ba-elf/4.7.4/../../../../ba-elf/lib/mcpu_jn51xx_sizeopt\libc.a(lib_a-memcmp.o)
 .debug_info    0x00000000000000f3      0x106 c:/users/mikoshi/downloads/mwstage-2021-09_win10/mwstage/tools/ba-elf-ba2-r36379/bin/../lib/gcc/ba-elf/4.7.4/../../../../ba-elf/lib/mcpu_jn51xx_sizeopt\libc.a(lib_a-memcpy.o)
 .debug_info    0x00000000000001f9       0xd7 c:/users/mikoshi/downloads/mwstage-2021-09_win10/mwstage/tools/ba-elf-ba2-r36379/bin/../lib/gcc/ba-elf/4.7.4/../../../../ba-elf/lib/mcpu_jn51xx_sizeopt\libc.a(lib_a-memset.o)
 .debug_info    0x00000000000002d0       0xe7 c:/users/mikoshi/downloads/mwstage-2021-09_win10/mwstage/tools/ba-elf-ba2-r36379/bin/../lib/gcc/ba-elf/4.7.4/../../../../ba-elf/lib/mcpu_jn51xx_sizeopt\libc.a(lib_a-strchr.o)
 .debug_info    0x00000000000003b7       0xbb c:/users/mikoshi/downloads/mwstage-2021-09_win10/mwstage/tools/ba-elf-ba2-r36379/bin/../lib/gcc/ba-elf/4.7.4/../../../../ba-elf/lib/mcpu_jn51xx_sizeopt\libc.a(lib_a-strcmp.o)
 .debug_info    0x0000000000000472       0xce c:/users/mikoshi/downloads/mwstage-2021-09_win10/mwstage/tools/ba-elf-ba2-r36379/bin/../lib/gcc/ba-elf/4.7.4/../../../../ba-elf/lib/mcpu_jn51xx_sizeopt\libc.a(lib_a-strcpy.o)
 .debug_info    0x0000000000000540       0xc8 c:/users/mikoshi/downloads/mwstage-2021-09_win10/mwstage/tools/ba-elf-ba2-r36379/bin/../lib/gcc/ba-elf/4.7.4/../../../../ba-elf/lib/mcpu_jn51xx_sizeopt\libc.a(lib_a-strlen.o)
 .debug_info    0x0000000000000608       0xd3 c:/users/mikoshi/downloads/mwstage-2021-09_win10/mwstage/tools/ba-elf-ba2-r36379/bin/../lib/gcc/ba-elf/4.7.4/../../../../ba-elf/lib/mcpu_jn51xx_sizeopt\libc.a(lib_a-strncmp.o)
 .debug_info    0x00000000000006db       0xf9 c:/users/mikoshi/downloads/mwstage-2021-09_win10/mwstage/tools/ba-elf-ba2-r36379/bin/../lib/gcc/ba-elf/4.7.4/../../../../ba-elf/lib/mcpu_jn51xx_sizeopt\libc.a(lib_a-strncpy.o)
 .debug_info    0x00000000000007d4       0xb4 c:/users/mikoshi/downloads/mwstage-2021-09_win10/mwstage/tools/ba-elf-ba2-r36379/bin/../lib/gcc/ba-elf/4.7.4/mcpu_jn51xx_sizeopt\libgcc.a(__divsi3.o)
 .debug_info    0x0000000000000888       0xaa C:/Users/mikoshi/Downloads/MWSTAGE-2021-09_win10/MWSTAGE/MWSDK/ChipLib/SW4063V1416/Components/Library\libBoot_JN516x.a(ExceptionHandler.o)
 .debug_info    0x0000000000000932      0xa2b c:/users/mikoshi/downloads/mwstage-2021-09_win10/mwstage/tools/ba-elf-ba2-r36379/bin/../lib/gcc/ba-elf/4.7.4/../../../../ba-elf/lib/mcpu_jn51xx_sizeopt\libc.a(lib_a-atoi.o)
 .debug_info    0x000000000000135d      0xa91 c:/users/mikoshi/downloads/mwstage-2021-09_win10/mwstage/tools/ba-elf-ba2-r36379/bin/../lib/gcc/ba-elf/4.7.4/../../../../ba-elf/lib/mcpu_jn51xx_sizeopt\libc.a(lib_a-strtol.o)
 .debug_info    0x0000000000001dee       0x98 c:/users/mikoshi/downloads/mwstage-2021-09_win10/mwstage/tools/ba-elf-ba2-r36379/bin/../lib/gcc/ba-elf/4.7.4/../../../../ba-elf/lib/mcpu_jn51xx_sizeopt\libc.a(lib_a-ctype_.o)
 .debug_info    0x0000000000001e86      0x970 c:/users/mikoshi/downloads/mwstage-2021-09_win10/mwstage/tools/ba-elf-ba2-r36379/bin/../lib/gcc/ba-elf/4.7.4/../../../../ba-elf/lib/mcpu_jn51xx_sizeopt\libc.a(lib_a-impure.o)
 .debug_info    0x00000000000027f6       0xb4 c:/users/mikoshi/downloads/mwstage-2021-09_win10/mwstage/tools/ba-elf-ba2-r36379/bin/../lib/gcc/ba-elf/4.7.4/mcpu_jn51xx_sizeopt\libgcc.a(__udivsi3.o)
 .debug_info    0x00000000000028aa       0xb4 c:/users/mikoshi/downloads/mwstage-2021-09_win10/mwstage/tools/ba-elf-ba2-r36379/bin/../lib/gcc/ba-elf/4.7.4/mcpu_jn51xx_sizeopt\libgcc.a(__umodsi3.o)

.debug_abbrev   0x0000000000000000      0xa4d
 .debug_abbrev  0x0000000000000000       0x8e c:/users/mikoshi/downloads/mwstage-2021-09_win10/mwstage/tools/ba-elf-ba2-r36379/bin/../lib/gcc/ba-elf/4.7.4/../../../../ba-elf/lib/mcpu_jn51xx_sizeopt\libc.a(lib_a-memcmp.o)
 .debug_abbrev  0x000000000000008e       0xa4 c:/users/mikoshi/downloads/mwstage-2021-09_win10/mwstage/tools/ba-elf-ba2-r36379/bin/../lib/gcc/ba-elf/4.7.4/../../../../ba-elf/lib/mcpu_jn51xx_sizeopt\libc.a(lib_a-memcpy.o)
 .debug_abbrev  0x0000000000000132       0x8e c:/users/mikoshi/downloads/mwstage-2021-09_win10/mwstage/tools/ba-elf-ba2-r36379/bin/../lib/gcc/ba-elf/4.7.4/../../../../ba-elf/lib/mcpu_jn51xx_sizeopt\libc.a(lib_a-memset.o)
 .debug_abbrev  0x00000000000001c0       0x83 c:/users/mikoshi/downloads/mwstage-2021-09_win10/mwstage/tools/ba-elf-ba2-r36379/bin/../lib/gcc/ba-elf/4.7.4/../../../../ba-elf/lib/mcpu_jn51xx_sizeopt\libc.a(lib_a-strchr.o)
 .debug_abbrev  0x0000000000000243       0x63 c:/users/mikoshi/downloads/mwstage-2021-09_win10/mwstage/tools/ba-elf-ba2-r36379/bin/../lib/gcc/ba-elf/4.7.4/../../../../ba-elf/lib/mcpu_jn51xx_sizeopt\libc.a(lib_a-strcmp.o)
 .debug_abbrev  0x00000000000002a6       0x72 c:/users/mikoshi/downloads/mwstage-2021-09_win10/mwstage/tools/ba-elf-ba2-r36379/bin/../lib/gcc/ba-elf/4.7.4/../../../../ba-elf/lib/mcpu_jn51xx_sizeopt\libc.a(lib_a-strcpy.o)
 .debug_abbrev  0x0000000000000318       0x7f c:/users/mikoshi/downloads/mwstage-2021-09_win10/mwstage/tools/ba-elf-ba2-r36379/bin/../lib/gcc/ba-elf/4.7.4/../../../../ba-elf/lib/mcpu_jn51xx_sizeopt\libc.a(lib_a-strlen.o)
 .debug_abbrev  0x0000000000000397       0x70 c:/users/mikoshi/downloads/mwstage-2021-09_win10/mwstage/tools/ba-elf-ba2-r36379/bin/../lib/gcc/ba-elf/4.7.4/../../../../ba-elf/lib/mcpu_jn51xx_sizeopt\libc.a(lib_a-strncmp.o)
 .debug_abbrev  0x0000000000000407       0x8e c:/users/mikoshi/downloads/mwstage-2021-09_win10/mwstage/tools/ba-elf-ba2-r36379/bin/../lib/gcc/ba-elf/4.7.4/../../../../ba-elf/lib/mcpu_jn51xx_sizeopt\libc.a(lib_a-strncpy.o)
 .debug_abbrev  0x0000000000000495       0x14 c:/users/mikoshi/downloads/mwstage-2021-09_win10/mwstage/tools/ba-elf-ba2-r36379/bin/../lib/gcc/ba-elf/4.7.4/mcpu_jn51xx_sizeopt\libgcc.a(__divsi3.o)
 .debug_abbrev  0x00000000000004a9       0x14 C:/Users/mikoshi/Downloads/MWSTAGE-2021-09_win10/MWSTAGE/MWSDK/ChipLib/SW4063V1416/Components/Library\libBoot_JN516x.a(ExceptionHandler.o)
 .debug_abbrev  0x00000000000004bd      0x1b3 c:/users/mikoshi/downloads/mwstage-2021-09_win10/mwstage/tools/ba-elf-ba2-r36379/bin/../lib/gcc/ba-elf/4.7.4/../../../../ba-elf/lib/mcpu_jn51xx_sizeopt\libc.a(lib_a-atoi.o)
 .debug_abbrev  0x0000000000000670      0x1f6 c:/users/mikoshi/downloads/mwstage-2021-09_win10/mwstage/tools/ba-elf-ba2-r36379/bin/../lib/gcc/ba-elf/4.7.4/../../../../ba-elf/lib/mcpu_jn51xx_sizeopt\libc.a(lib_a-strtol.o)
 .debug_abbrev  0x0000000000000866       0x5d c:/users/mikoshi/downloads/mwstage-2021-09_win10/mwstage/tools/ba-elf-ba2-r36379/bin/../lib/gcc/ba-elf/4.7.4/../../../../ba-elf/lib/mcpu_jn51xx_sizeopt\libc.a(lib_a-ctype_.o)
 .debug_abbrev  0x00000000000008c3      0x162 c:/users/mikoshi/downloads/mwstage-2021-09_win10/mwstage/tools/ba-elf-ba2-r36379/bin/../lib/gcc/ba-elf/4.7.4/../../../../ba-elf/lib/mcpu_jn51xx_sizeopt\libc.a(lib_a-impure.o)
 .debug_abbrev  0x0000000000000a25       0x14 c:/users/mikoshi/downloads/mwstage-2021-09_win10/mwstage/tools/ba-elf-ba2-r36379/bin/../lib/gcc/ba-elf/4.7.4/mcpu_jn51xx_sizeopt\libgcc.a(__udivsi3.o)
 .debug_abbrev  0x0000000000000a39       0x14 c:/users/mikoshi/downloads/mwstage-2021-09_win10/mwstage/tools/ba-elf-ba2-r36379/bin/../lib/gcc/ba-elf/4.7.4/mcpu_jn51xx_sizeopt\libgcc.a(__umodsi3.o)

.debug_loc      0x0000000000000000      0x6b6
 .debug_loc     0x0000000000000000       0x73 c:/users/mikoshi/downloads/mwstage-2021-09_win10/mwstage/tools/ba-elf-ba2-r36379/bin/../lib/gcc/ba-elf/4.7.4/../../../../ba-elf/lib/mcpu_jn51xx_sizeopt\libc.a(lib_a-memcmp.o)
 .debug_loc     0x0000000000000073       0x39 c:/users/mikoshi/downloads/mwstage-2021-09_win10/mwstage/tools/ba-elf-ba2-r36379/bin/../lib/gcc/ba-elf/4.7.4/../../../../ba-elf/lib/mcpu_jn51xx_sizeopt\libc.a(lib_a-memcpy.o)
 .debug_loc     0x00000000000000ac       0x3f c:/users/mikoshi/downloads/mwstage-2021-09_win10/mwstage/tools/ba-elf-ba2-r36379/bin/../lib/gcc/ba-elf/4.7.4/../../../../ba-elf/lib/mcpu_jn51xx_sizeopt\libc.a(lib_a-memset.o)
 .debug_loc     0x00000000000000eb       0x55 c:/users/mikoshi/downloads/mwstage-2021-09_win10/mwstage/tools/ba-elf-ba2-r36379/bin/../lib/gcc/ba-elf/4.7.4/../../../../ba-elf/lib/mcpu_jn51xx_sizeopt\libc.a(lib_a-strchr.o)
 .debug_loc     0x0000000000000140       0x3c c:/users/mikoshi/downloads/mwstage-2021-09_win10/mwstage/tools/ba-elf-ba2-r36379/bin/../lib/gcc/ba-elf/4.7.4/../../../../ba-elf/lib/mcpu_jn51xx_sizeopt\libc.a(lib_a-strcmp.o)
 .debug_loc     0x000000000000017c       0x49 c:/users/mikoshi/downloads/mwstage-2021-09_win10/mwstage/tools/ba-elf-ba2-r36379/bin/../lib/gcc/ba-elf/4.7.4/../../../../ba-elf/lib/mcpu_jn51xx_sizeopt\libc.a(lib_a-strcpy.o)
 .debug_loc     0x00000000000001c5       0x3f c:/users/mikoshi/downloads/mwstage-2021-09_win10/mwstage/tools/ba-elf-ba2-r36379/bin/../lib/gcc/ba-elf/4.7.4/../../../../ba-elf/lib/mcpu_jn51xx_sizeopt\libc.a(lib_a-strlen.o)
 .debug_loc     0x0000000000000204       0x5a c:/users/mikoshi/downloads/mwstage-2021-09_win10/mwstage/tools/ba-elf-ba2-r36379/bin/../lib/gcc/ba-elf/4.7.4/../../../../ba-elf/lib/mcpu_jn51xx_sizeopt\libc.a(lib_a-strncmp.o)
 .debug_loc     0x000000000000025e       0x93 c:/users/mikoshi/downloads/mwstage-2021-09_win10/mwstage/tools/ba-elf-ba2-r36379/bin/../lib/gcc/ba-elf/4.7.4/../../../../ba-elf/lib/mcpu_jn51xx_sizeopt\libc.a(lib_a-strncpy.o)
 .debug_loc     0x00000000000002f1       0x63 c:/users/mikoshi/downloads/mwstage-2021-09_win10/mwstage/tools/ba-elf-ba2-r36379/bin/../lib/gcc/ba-elf/4.7.4/../../../../ba-elf/lib/mcpu_jn51xx_sizeopt\libc.a(lib_a-atoi.o)
 .debug_loc     0x0000000000000354      0x362 c:/users/mikoshi/downloads/mwstage-2021-09_win10/mwstage/tools/ba-elf-ba2-r36379/bin/../lib/gcc/ba-elf/4.7.4/../../../../ba-elf/lib/mcpu_jn51xx_sizeopt\libc.a(lib_a-strtol.o)

.debug_aranges  0x0000000000000000      0x210
 .debug_aranges
                0x0000000000000000       0x20 c:/users/mikoshi/downloads/mwstage-2021-09_win10/mwstage/tools/ba-elf-ba2-r36379/bin/../lib/gcc/ba-elf/4.7.4/../../../../ba-elf/lib/mcpu_jn51xx_sizeopt\libc.a(lib_a-memcmp.o)
 .debug_aranges
                0x0000000000000020       0x20 c:/users/mikoshi/downloads/mwstage-2021-09_win10/mwstage/tools/ba-elf-ba2-r36379/bin/../lib/gcc/ba-elf/4.7.4/../../../../ba-elf/lib/mcpu_jn51xx_sizeopt\libc.a(lib_a-memcpy.o)
 .debug_aranges
                0x0000000000000040       0x20 c:/users/mikoshi/downloads/mwstage-2021-09_win10/mwstage/tools/ba-elf-ba2-r36379/bin/../lib/gcc/ba-elf/4.7.4/../../../../ba-elf/lib/mcpu_jn51xx_sizeopt\libc.a(lib_a-memset.o)
 .debug_aranges
                0x0000000000000060       0x20 c:/users/mikoshi/downloads/mwstage-2021-09_win10/mwstage/tools/ba-elf-ba2-r36379/bin/../lib/gcc/ba-elf/4.7.4/../../../../ba-elf/lib/mcpu_jn51xx_sizeopt\libc.a(lib_a-strchr.o)
 .debug_aranges
                0x0000000000000080       0x20 c:/users/mikoshi/downloads/mwstage-2021-09_win10/mwstage/tools/ba-elf-ba2-r36379/bin/../lib/gcc/ba-elf/4.7.4/../../../../ba-elf/lib/mcpu_jn51xx_sizeopt\libc.a(lib_a-strcmp.o)
 .debug_aranges
                0x00000000000000a0       0x20 c:/users/mikoshi/downloads/mwstage-2021-09_win10/mwstage/tools/ba-elf-ba2-r36379/bin/../lib/gcc/ba-elf/4.7.4/../../../../ba-elf/lib/mcpu_jn51xx_sizeopt\libc.a(lib_a-strcpy.o)
 .debug_aranges
                0x00000000000000c0       0x20 c:/users/mikoshi/downloads/mwstage-2021-09_win10/mwstage/tools/ba-elf-ba2-r36379/bin/../lib/gcc/ba-elf/4.7.4/../../../../ba-elf/lib/mcpu_jn51xx_sizeopt\libc.a(lib_a-strlen.o)
 .debug_aranges
                0x00000000000000e0       0x20 c:/users/mikoshi/downloads/mwstage-2021-09_win10/mwstage/tools/ba-elf-ba2-r36379/bin/../lib/gcc/ba-elf/4.7.4/../../../../ba-elf/lib/mcpu_jn51xx_sizeopt\libc.a(lib_a-strncmp.o)
 .debug_aranges
                0x0000000000000100       0x20 c:/users/mikoshi/downloads/mwstage-2021-09_win10/mwstage/tools/ba-elf-ba2-r36379/bin/../lib/gcc/ba-elf/4.7.4/../../../../ba-elf/lib/mcpu_jn51xx_sizeopt\libc.a(lib_a-strncpy.o)
 .debug_aranges
                0x0000000000000120       0x20 c:/users/mikoshi/downloads/mwstage-2021-09_win10/mwstage/tools/ba-elf-ba2-r36379/bin/../lib/gcc/ba-elf/4.7.4/mcpu_jn51xx_sizeopt\libgcc.a(__divsi3.o)
 .debug_aranges
                0x0000000000000140       0x20 C:/Users/mikoshi/Downloads/MWSTAGE-2021-09_win10/MWSTAGE/MWSDK/ChipLib/SW4063V1416/Components/Library\libBoot_JN516x.a(ExceptionHandler.o)
 .debug_aranges
                0x0000000000000160       0x20 c:/users/mikoshi/downloads/mwstage-2021-09_win10/mwstage/tools/ba-elf-ba2-r36379/bin/../lib/gcc/ba-elf/4.7.4/../../../../ba-elf/lib/mcpu_jn51xx_sizeopt\libc.a(lib_a-atoi.o)
 .debug_aranges
                0x0000000000000180       0x20 c:/users/mikoshi/downloads/mwstage-2021-09_win10/mwstage/tools/ba-elf-ba2-r36379/bin/../lib/gcc/ba-elf/4.7.4/../../../../ba-elf/lib/mcpu_jn51xx_sizeopt\libc.a(lib_a-strtol.o)
 .debug_aranges
                0x00000000000001a0       0x18 c:/users/mikoshi/downloads/mwstage-2021-09_win10/mwstage/tools/ba-elf-ba2-r36379/bin/../lib/gcc/ba-elf/4.7.4/../../../../ba-elf/lib/mcpu_jn51xx_sizeopt\libc.a(lib_a-ctype_.o)
 .debug_aranges
                0x00000000000001b8       0x18 c:/users/mikoshi/downloads/mwstage-2021-09_win10/mwstage/tools/ba-elf-ba2-r36379/bin/../lib/gcc/ba-elf/4.7.4/../../../../ba-elf/lib/mcpu_jn51xx_sizeopt\libc.a(lib_a-impure.o)
 .debug_aranges
                0x00000000000001d0       0x20 c:/users/mikoshi/downloads/mwstage-2021-09_win10/mwstage/tools/ba-elf-ba2-r36379/bin/../lib/gcc/ba-elf/4.7.4/mcpu_jn51xx_sizeopt\libgcc.a(__udivsi3.o)
 .debug_aranges
                0x00000000000001f0       0x20 c:/users/mikoshi/downloads/mwstage-2021-09_win10/mwstage/tools/ba-elf-ba2-r36379/bin/../lib/gcc/ba-elf/4.7.4/mcpu_jn51xx_sizeopt\libgcc.a(__umodsi3.o)

.debug_line     0x0000000000000000     0x1b8d
 .debug_line    0x0000000000000000      0x154 c:/users/mikoshi/downloads/mwstage-2021-09_win10/mwstage/tools/ba-elf-ba2-r36379/bin/../lib/gcc/ba-elf/4.7.4/../../../../ba-elf/lib/mcpu_jn51xx_sizeopt\libc.a(lib_a-memcmp.o)
 .debug_line    0x0000000000000154      0x148 c:/users/mikoshi/downloads/mwstage-2021-09_win10/mwstage/tools/ba-elf-ba2-r36379/bin/../lib/gcc/ba-elf/4.7.4/../../../../ba-elf/lib/mcpu_jn51xx_sizeopt\libc.a(lib_a-memcpy.o)
 .debug_line    0x000000000000029c      0x13e c:/users/mikoshi/downloads/mwstage-2021-09_win10/mwstage/tools/ba-elf-ba2-r36379/bin/../lib/gcc/ba-elf/4.7.4/../../../../ba-elf/lib/mcpu_jn51xx_sizeopt\libc.a(lib_a-memset.o)
 .debug_line    0x00000000000003da       0xf6 c:/users/mikoshi/downloads/mwstage-2021-09_win10/mwstage/tools/ba-elf-ba2-r36379/bin/../lib/gcc/ba-elf/4.7.4/../../../../ba-elf/lib/mcpu_jn51xx_sizeopt\libc.a(lib_a-strchr.o)
 .debug_line    0x00000000000004d0       0xf6 c:/users/mikoshi/downloads/mwstage-2021-09_win10/mwstage/tools/ba-elf-ba2-r36379/bin/../lib/gcc/ba-elf/4.7.4/../../../../ba-elf/lib/mcpu_jn51xx_sizeopt\libc.a(lib_a-strcmp.o)
 .debug_line    0x00000000000005c6       0xda c:/users/mikoshi/downloads/mwstage-2021-09_win10/mwstage/tools/ba-elf-ba2-r36379/bin/../lib/gcc/ba-elf/4.7.4/../../../../ba-elf/lib/mcpu_jn51xx_sizeopt\libc.a(lib_a-strcpy.o)
 .debug_line    0x00000000000006a0      0x12e c:/users/mikoshi/downloads/mwstage-2021-09_win10/mwstage/tools/ba-elf-ba2-r36379/bin/../lib/gcc/ba-elf/4.7.4/../../../../ba-elf/lib/mcpu_jn51xx_sizeopt\libc.a(lib_a-strlen.o)
 .debug_line    0x00000000000007ce      0x160 c:/users/mikoshi/downloads/mwstage-2021-09_win10/mwstage/tools/ba-elf-ba2-r36379/bin/../lib/gcc/ba-elf/4.7.4/../../../../ba-elf/lib/mcpu_jn51xx_sizeopt\libc.a(lib_a-strncmp.o)
 .debug_line    0x000000000000092e      0x160 c:/users/mikoshi/downloads/mwstage-2021-09_win10/mwstage/tools/ba-elf-ba2-r36379/bin/../lib/gcc/ba-elf/4.7.4/../../../../ba-elf/lib/mcpu_jn51xx_sizeopt\libc.a(lib_a-strncpy.o)
 .debug_line    0x0000000000000a8e       0xbb c:/users/mikoshi/downloads/mwstage-2021-09_win10/mwstage/tools/ba-elf-ba2-r36379/bin/../lib/gcc/ba-elf/4.7.4/mcpu_jn51xx_sizeopt\libgcc.a(__divsi3.o)
 .debug_line    0x0000000000000b49      0x197 C:/Users/mikoshi/Downloads/MWSTAGE-2021-09_win10/MWSTAGE/MWSDK/ChipLib/SW4063V1416/Components/Library\libBoot_JN516x.a(ExceptionHandler.o)
 .debug_line    0x0000000000000ce0      0x18c c:/users/mikoshi/downloads/mwstage-2021-09_win10/mwstage/tools/ba-elf-ba2-r36379/bin/../lib/gcc/ba-elf/4.7.4/../../../../ba-elf/lib/mcpu_jn51xx_sizeopt\libc.a(lib_a-atoi.o)
 .debug_line    0x0000000000000e6c      0x315 c:/users/mikoshi/downloads/mwstage-2021-09_win10/mwstage/tools/ba-elf-ba2-r36379/bin/../lib/gcc/ba-elf/4.7.4/../../../../ba-elf/lib/mcpu_jn51xx_sizeopt\libc.a(lib_a-strtol.o)
 .debug_line    0x0000000000001181       0xb0 c:/users/mikoshi/downloads/mwstage-2021-09_win10/mwstage/tools/ba-elf-ba2-r36379/bin/../lib/gcc/ba-elf/4.7.4/../../../../ba-elf/lib/mcpu_jn51xx_sizeopt\libc.a(lib_a-ctype_.o)
 .debug_line    0x0000000000001231      0x11a c:/users/mikoshi/downloads/mwstage-2021-09_win10/mwstage/tools/ba-elf-ba2-r36379/bin/../lib/gcc/ba-elf/4.7.4/../../../../ba-elf/lib/mcpu_jn51xx_sizeopt\libc.a(lib_a-impure.o)
 .debug_line    0x000000000000134b      0x47b c:/users/mikoshi/downloads/mwstage-2021-09_win10/mwstage/tools/ba-elf-ba2-r36379/bin/../lib/gcc/ba-elf/4.7.4/mcpu_jn51xx_sizeopt\libgcc.a(__udivsi3.o)
 .debug_line    0x00000000000017c6      0x3c7 c:/users/mikoshi/downloads/mwstage-2021-09_win10/mwstage/tools/ba-elf-ba2-r36379/bin/../lib/gcc/ba-elf/4.7.4/mcpu_jn51xx_sizeopt\libgcc.a(__umodsi3.o)

.debug_str      0x0000000000000000      0x9d7
 .debug_str     0x0000000000000000       0xb4 c:/users/mikoshi/downloads/mwstage-2021-09_win10/mwstage/tools/ba-elf-ba2-r36379/bin/../lib/gcc/ba-elf/4.7.4/../../../../ba-elf/lib/mcpu_jn51xx_sizeopt\libc.a(lib_a-memcmp.o)
                                        0x152 (size before relaxing)
 .debug_str     0x00000000000000b4       0x5d c:/users/mikoshi/downloads/mwstage-2021-09_win10/mwstage/tools/ba-elf-ba2-r36379/bin/../lib/gcc/ba-elf/4.7.4/../../../../ba-elf/lib/mcpu_jn51xx_sizeopt\libc.a(lib_a-memcpy.o)
                                        0x166 (size before relaxing)
 .debug_str     0x0000000000000111       0x49 c:/users/mikoshi/downloads/mwstage-2021-09_win10/mwstage/tools/ba-elf-ba2-r36379/bin/../lib/gcc/ba-elf/4.7.4/../../../../ba-elf/lib/mcpu_jn51xx_sizeopt\libc.a(lib_a-memset.o)
                                        0x152 (size before relaxing)
 .debug_str     0x000000000000015a       0x49 c:/users/mikoshi/downloads/mwstage-2021-09_win10/mwstage/tools/ba-elf-ba2-r36379/bin/../lib/gcc/ba-elf/4.7.4/../../../../ba-elf/lib/mcpu_jn51xx_sizeopt\libc.a(lib_a-strchr.o)
                                        0x14b (size before relaxing)
 .debug_str     0x00000000000001a3       0x49 c:/users/mikoshi/downloads/mwstage-2021-09_win10/mwstage/tools/ba-elf-ba2-r36379/bin/../lib/gcc/ba-elf/4.7.4/../../../../ba-elf/lib/mcpu_jn51xx_sizeopt\libc.a(lib_a-strcmp.o)
                                        0x14b (size before relaxing)
 .debug_str     0x00000000000001ec       0x49 c:/users/mikoshi/downloads/mwstage-2021-09_win10/mwstage/tools/ba-elf-ba2-r36379/bin/../lib/gcc/ba-elf/4.7.4/../../../../ba-elf/lib/mcpu_jn51xx_sizeopt\libc.a(lib_a-strcpy.o)
                                        0x155 (size before relaxing)
 .debug_str     0x0000000000000235       0x4f c:/users/mikoshi/downloads/mwstage-2021-09_win10/mwstage/tools/ba-elf-ba2-r36379/bin/../lib/gcc/ba-elf/4.7.4/../../../../ba-elf/lib/mcpu_jn51xx_sizeopt\libc.a(lib_a-strlen.o)
                                        0x158 (size before relaxing)
 .debug_str     0x0000000000000284       0x4b c:/users/mikoshi/downloads/mwstage-2021-09_win10/mwstage/tools/ba-elf-ba2-r36379/bin/../lib/gcc/ba-elf/4.7.4/../../../../ba-elf/lib/mcpu_jn51xx_sizeopt\libc.a(lib_a-strncmp.o)
                                        0x154 (size before relaxing)
 .debug_str     0x00000000000002cf       0x57 c:/users/mikoshi/downloads/mwstage-2021-09_win10/mwstage/tools/ba-elf-ba2-r36379/bin/../lib/gcc/ba-elf/4.7.4/../../../../ba-elf/lib/mcpu_jn51xx_sizeopt\libc.a(lib_a-strncpy.o)
                                        0x170 (size before relaxing)
 .debug_str     0x0000000000000326      0x4ca c:/users/mikoshi/downloads/mwstage-2021-09_win10/mwstage/tools/ba-elf-ba2-r36379/bin/../lib/gcc/ba-elf/4.7.4/../../../../ba-elf/lib/mcpu_jn51xx_sizeopt\libc.a(lib_a-atoi.o)
                                        0x516 (size before relaxing)
 .debug_str     0x00000000000007f0       0x6f c:/users/mikoshi/downloads/mwstage-2021-09_win10/mwstage/tools/ba-elf-ba2-r36379/bin/../lib/gcc/ba-elf/4.7.4/../../../../ba-elf/lib/mcpu_jn51xx_sizeopt\libc.a(lib_a-strtol.o)
                                        0x549 (size before relaxing)
 .debug_str     0x000000000000085f       0xb5 c:/users/mikoshi/downloads/mwstage-2021-09_win10/mwstage/tools/ba-elf-ba2-r36379/bin/../lib/gcc/ba-elf/4.7.4/../../../../ba-elf/lib/mcpu_jn51xx_sizeopt\libc.a(lib_a-ctype_.o)
                                         0xdd (size before relaxing)
 .debug_str     0x0000000000000914       0xc3 c:/users/mikoshi/downloads/mwstage-2021-09_win10/mwstage/tools/ba-elf-ba2-r36379/bin/../lib/gcc/ba-elf/4.7.4/../../../../ba-elf/lib/mcpu_jn51xx_sizeopt\libc.a(lib_a-impure.o)
                                        0x523 (size before relaxing)

.debug_frame    0x0000000000000000      0x194
 .debug_frame   0x0000000000000000       0x20 c:/users/mikoshi/downloads/mwstage-2021-09_win10/mwstage/tools/ba-elf-ba2-r36379/bin/../lib/gcc/ba-elf/4.7.4/../../../../ba-elf/lib/mcpu_jn51xx_sizeopt\libc.a(lib_a-memcmp.o)
 .debug_frame   0x0000000000000020       0x20 c:/users/mikoshi/downloads/mwstage-2021-09_win10/mwstage/tools/ba-elf-ba2-r36379/bin/../lib/gcc/ba-elf/4.7.4/../../../../ba-elf/lib/mcpu_jn51xx_sizeopt\libc.a(lib_a-memcpy.o)
 .debug_frame   0x0000000000000040       0x20 c:/users/mikoshi/downloads/mwstage-2021-09_win10/mwstage/tools/ba-elf-ba2-r36379/bin/../lib/gcc/ba-elf/4.7.4/../../../../ba-elf/lib/mcpu_jn51xx_sizeopt\libc.a(lib_a-memset.o)
 .debug_frame   0x0000000000000060       0x20 c:/users/mikoshi/downloads/mwstage-2021-09_win10/mwstage/tools/ba-elf-ba2-r36379/bin/../lib/gcc/ba-elf/4.7.4/../../../../ba-elf/lib/mcpu_jn51xx_sizeopt\libc.a(lib_a-strchr.o)
 .debug_frame   0x0000000000000080       0x20 c:/users/mikoshi/downloads/mwstage-2021-09_win10/mwstage/tools/ba-elf-ba2-r36379/bin/../lib/gcc/ba-elf/4.7.4/../../../../ba-elf/lib/mcpu_jn51xx_sizeopt\libc.a(lib_a-strcmp.o)
 .debug_frame   0x00000000000000a0       0x20 c:/users/mikoshi/downloads/mwstage-2021-09_win10/mwstage/tools/ba-elf-ba2-r36379/bin/../lib/gcc/ba-elf/4.7.4/../../../../ba-elf/lib/mcpu_jn51xx_sizeopt\libc.a(lib_a-strcpy.o)
 .debug_frame   0x00000000000000c0       0x20 c:/users/mikoshi/downloads/mwstage-2021-09_win10/mwstage/tools/ba-elf-ba2-r36379/bin/../lib/gcc/ba-elf/4.7.4/../../../../ba-elf/lib/mcpu_jn51xx_sizeopt\libc.a(lib_a-strlen.o)
 .debug_frame   0x00000000000000e0       0x20 c:/users/mikoshi/downloads/mwstage-2021-09_win10/mwstage/tools/ba-elf-ba2-r36379/bin/../lib/gcc/ba-elf/4.7.4/../../../../ba-elf/lib/mcpu_jn51xx_sizeopt\libc.a(lib_a-strncmp.o)
 .debug_frame   0x0000000000000100       0x20 c:/users/mikoshi/downloads/mwstage-2021-09_win10/mwstage/tools/ba-elf-ba2-r36379/bin/../lib/gcc/ba-elf/4.7.4/../../../../ba-elf/lib/mcpu_jn51xx_sizeopt\libc.a(lib_a-strncpy.o)
 .debug_frame   0x0000000000000120       0x30 c:/users/mikoshi/downloads/mwstage-2021-09_win10/mwstage/tools/ba-elf-ba2-r36379/bin/../lib/gcc/ba-elf/4.7.4/../../../../ba-elf/lib/mcpu_jn51xx_sizeopt\libc.a(lib_a-atoi.o)
 .debug_frame   0x0000000000000150       0x44 c:/users/mikoshi/downloads/mwstage-2021-09_win10/mwstage/tools/ba-elf-ba2-r36379/bin/../lib/gcc/ba-elf/4.7.4/../../../../ba-elf/lib/mcpu_jn51xx_sizeopt\libc.a(lib_a-strtol.o)
